
> drama-platform@0.0.0 test
> node --import tsx --test tests/*.test.ts

TAP version 13
# Subtest: health distinguishes a runnable process from business or database readiness
ok 1 - health distinguishes a runnable process from business or database readiness
  ---
  duration_ms: 324.614625
  type: 'test'
  ...
# Subtest: script selections convert UTF-16 boundaries to exact Unicode code point ranges
ok 2 - script selections convert UTF-16 boundaries to exact Unicode code point ranges
  ---
  duration_ms: 2.908459
  type: 'test'
  ...
# Subtest: execution is stored before submission and refresh never executes an unknown job again
ok 3 - execution is stored before submission and refresh never executes an unknown job again
  ---
  duration_ms: 4.844042
  type: 'test'
  ...
# Subtest: lost execution receipt recovers the original job by fixed plan without another POST
ok 4 - lost execution receipt recovers the original job by fixed plan without another POST
  ---
  duration_ms: 0.704291
  type: 'test'
  ...
# Subtest: no matching job is unresolved evidence, not permission to submit or discard intent
ok 5 - no matching job is unresolved evidence, not permission to submit or discard intent
  ---
  duration_ms: 1.886709
  type: 'test'
  ...
# Subtest: storage failure blocks paid execution before any request
ok 6 - storage failure blocks paid execution before any request
  ---
  duration_ms: 6.331667
  type: 'test'
  ...
# Subtest: lost plan receipt reuses its exact input and request key across reload
ok 7 - lost plan receipt reuses its exact input and request key across reload
  ---
  duration_ms: 17.10725
  type: 'test'
  ...
# Subtest: failed initial storage read is retryable without creating a plan or job
ok 8 - failed initial storage read is retryable without creating a plan or job
  ---
  duration_ms: 0.443458
  type: 'test'
  ...
# Subtest: explicit continuation uses the original execution intent after checking the plan and job
ok 9 - explicit continuation uses the original execution intent after checking the plan and job
  ---
  duration_ms: 0.389083
  type: 'test'
  ...
# Subtest: revocation hides content immediately and a late execution result cannot recreate the cleared record
ok 10 - revocation hides content immediately and a late execution result cannot recreate the cleared record
  ---
  duration_ms: 0.615083
  type: 'test'
  ...
# Subtest: retirement waits for an in-flight storage write and removes its late data
ok 11 - retirement waits for an in-flight storage write and removes its late data
  ---
  duration_ms: 3.740042
  type: 'test'
  ...
# Subtest: network uncertainty hides the recovered draft, retains it, and restores it only after current authorization
ok 12 - network uncertainty hides the recovered draft, retains it, and restores it only after current authorization
  ---
  duration_ms: 1.988667
  type: 'test'
  ...
# Subtest: revocation cleanup failure keeps content hidden and can retry cleanup
ok 13 - revocation cleanup failure keeps content hidden and can retry cleanup
  ---
  duration_ms: 0.30325
  type: 'test'
  ...
# Subtest: asynchronous and cancellation facts preserve old GenerationJob responses
ok 14 - asynchronous and cancellation facts preserve old GenerationJob responses
  ---
  duration_ms: 55.750583
  type: 'test'
  ...
# Subtest: audio execution requires a distinct executable audio capability
ok 15 - audio execution requires a distinct executable audio capability
  ---
  duration_ms: 1.755584
  type: 'test'
  ...
# Subtest: audio output validates integer duration and rejects visual or withAudio fields instead of silently dropping them
ok 16 - audio output validates integer duration and rejects visual or withAudio fields instead of silently dropping them
  ---
  duration_ms: 0.988666
  type: 'test'
  ...
# Subtest: audio plan fixes the selected shot and voice references without adding dialogue bindings or following later edits
ok 17 - audio plan fixes the selected shot and voice references without adding dialogue bindings or following later edits
  ---
  duration_ms: 1.382375
  type: 'test'
  ...
# Subtest: canvas ambience is independent of a shot and fixes a saved audio draft
ok 18 - canvas ambience is independent of a shot and fixes a saved audio draft
  ---
  duration_ms: 0.622167
  type: 'test'
  ...
# Subtest: audio uses decoded samples while explicit final presentation duration removes only known padding
ok 19 - audio uses decoded samples while explicit final presentation duration removes only known padding
  ---
  duration_ms: 118.152875
  type: 'test'
  ...
# Subtest: coarse timestamps share one clock phase without adding per-frame silence or cumulative tolerance
ok 20 - coarse timestamps share one clock phase without adding per-frame silence or cumulative tolerance
  ---
  duration_ms: 0.958667
  type: 'test'
  ...
# Subtest: video zero, internal gaps and fractional negative cropping use exact rational sample positions
ok 21 - video zero, internal gaps and fractional negative cropping use exact rational sample positions
  ---
  duration_ms: 0.475
  type: 'test'
  ...
# Subtest: missing, duplicate, overlapping, excessive and ambiguous sample intervals fail
ok 22 - missing, duplicate, overlapping, excessive and ambiguous sample intervals fail
  ---
  duration_ms: 0.242375
  type: 'test'
  ...
# Subtest: a following PTS bounds a declared packet gap without stretching decoded samples
ok 23 - a following PTS bounds a declared packet gap without stretching decoded samples
  ---
  duration_ms: 0.178084
  type: 'test'
  ...
# Subtest: an invitation secret never enters the OIDC login return URL
ok 24 - an invitation secret never enters the OIDC login return URL
  ---
  duration_ms: 0.703458
  type: 'test'
  ...
# Subtest: candidate source timestamps round-trip decimal seconds without floating point loss
ok 25 - candidate source timestamps round-trip decimal seconds without floating point loss
  ---
  duration_ms: 0.679333
  type: 'test'
  ...
# Subtest: continuing creates one independent draft with ordered explicit sources and retains originals
ok 26 - continuing creates one independent draft with ordered explicit sources and retains originals
  ---
  duration_ms: 2.309375
  type: 'test'
  ...
# Subtest: source selection is pinned while unrelated layout/content can advance
ok 27 - source selection is pinned while unrelated layout/content can advance
  ---
  duration_ms: 0.33625
  type: 'test'
  ...
# Subtest: unfinished outputs and canvas capacity cannot be bypassed by continued creation
ok 28 - unfinished outputs and canvas capacity cannot be bypassed by continued creation
  ---
  duration_ms: 6.078917
  type: 'test'
  ...
# Subtest: a local editor has readable screen dimensions and avoids the edited node
ok 29 - a local editor has readable screen dimensions and avoids the edited node
  ---
  duration_ms: 2.045792
  type: 'test'
  ...
# Subtest: visible reference nodes influence the side, without altering any reference or world geometry
ok 30 - visible reference nodes influence the side, without altering any reference or world geometry
  ---
  duration_ms: 0.891708
  type: 'test'
  ...
# Subtest: an offscreen object and an object covered by the auxiliary dock produce a named compact state, never a fake anchor
ok 31 - an offscreen object and an object covered by the auxiliary dock produce a named compact state, never a fake anchor
  ---
  duration_ms: 0.090208
  type: 'test'
  ...
# Subtest: insufficient room requests explicit focus editing rather than clipping or moving the viewport
ok 32 - insufficient room requests explicit focus editing rather than clipping or moving the viewport
  ---
  duration_ms: 0.075291
  type: 'test'
  ...
# Subtest: valid small movements retain placement, but an auxiliary opening or real pan cannot pin the editor outside its safe area
ok 33 - valid small movements retain placement, but an auxiliary opening or real pan cannot pin the editor outside its safe area
  ---
  duration_ms: 13.189333
  type: 'test'
  ...
# Subtest: explicit reference append preserves each draft's fixed input order and rejects duplicates
ok 34 - explicit reference append preserves each draft's fixed input order and rejects duplicates
  ---
  duration_ms: 2.134208
  type: 'test'
  ...
# Subtest: canvas replay changes only selected objects and preserves peer additions and input order
ok 35 - canvas replay changes only selected objects and preserves peer additions and input order
  ---
  duration_ms: 6.528583
  type: 'test'
  ...
# Subtest: canvas node and group removal requires explicit related reference choices
ok 36 - canvas node and group removal requires explicit related reference choices
  ---
  duration_ms: 2.834833
  type: 'test'
  ...
# Subtest: canvas sources support independent creation and 100 ordered distinct fixed shots; replacement is explicit
ok 37 - canvas sources support independent creation and 100 ordered distinct fixed shots; replacement is explicit
  ---
  duration_ms: 1.647458
  type: 'test'
  ...
# Subtest: image canvas plan preserves original ordered versions and saved CAS without mutating selection
ok 38 - image canvas plan preserves original ordered versions and saved CAS without mutating selection
  ---
  duration_ms: 0.742625
  type: 'test'
  ...
# Subtest: video canvas plan preserves original ordered versions and saved CAS without mutating selection
ok 39 - video canvas plan preserves original ordered versions and saved CAS without mutating selection
  ---
  duration_ms: 0.309917
  type: 'test'
  ...
# Subtest: audio canvas plan preserves original ordered versions and saved CAS without mutating selection
ok 40 - audio canvas plan preserves original ordered versions and saved CAS without mutating selection
  ---
  duration_ms: 0.1625
  type: 'test'
  ...
# Subtest: lost canvas plan response and refresh preserve selection, original key/body/CAS despite a newer canvas and sources
ok 41 - lost canvas plan response and refresh preserve selection, original key/body/CAS despite a newer canvas and sources
  ---
  duration_ms: 1.025917
  type: 'test'
  ...
# Subtest: preparing captures sources before a deferred canvas save; later navigation/edits cannot enter the pending plan
ok 42 - preparing captures sources before a deferred canvas save; later navigation/edits cannot enter the pending plan
  ---
  duration_ms: 0.436958
  type: 'test'
  ...
# Subtest: a failed durable source/request write prevents a canvas plan POST
ok 43 - a failed durable source/request write prevents a canvas plan POST
  ---
  duration_ms: 0.928042
  type: 'test'
  ...
# Subtest: historical plan snapshot stays distinct from editable fixed source draft; next plan keeps explicit selection
ok 44 - historical plan snapshot stays distinct from editable fixed source draft; next plan keeps explicit selection
  ---
  duration_ms: 0.606166
  type: 'test'
  ...
# Subtest: fit encloses legal opposite-corner nodes in the smallest editing viewport, including negative coordinates
ok 45 - fit encloses legal opposite-corner nodes in the smallest editing viewport, including negative coordinates
  ---
  duration_ms: 0.71275
  type: 'test'
  ...
# Subtest: fit encloses the existing 20-by-100 capacity layout and still fits small selections normally
ok 46 - fit encloses the existing 20-by-100 capacity layout and still fits small selections normally
  ---
  duration_ms: 0.5535
  type: 'test'
  ...
# Subtest: viewport contract and UI share positive bounds, and low overviews never show zero percent
ok 47 - viewport contract and UI share positive bounds, and low overviews never show zero percent
  ---
  duration_ms: 1.082708
  type: 'test'
  ...
# Subtest: single-node focus at legal coordinate boundaries remains visible and persistable
ok 48 - single-node focus at legal coordinate boundaries remains visible and persistable
  ---
  duration_ms: 2.920083
  type: 'test'
  ...
# Subtest: screen-space viewport retains extreme node anchors at 400% without extending node coordinates
ok 49 - screen-space viewport retains extreme node anchors at 400% without extending node coordinates
  ---
  duration_ms: 0.823083
  type: 'test'
  ...
# Subtest: canvas accepts incomplete drafts and uses stable portable document hashes
ok 50 - canvas accepts incomplete drafts and uses stable portable document hashes
  ---
  duration_ms: 3.980667
  type: 'test'
  ...
# Subtest: canvas rejects nonfinite coordinates and measures UTF-8 capacity without interpreting plain text
ok 51 - canvas rejects nonfinite coordinates and measures UTF-8 capacity without interpreting plain text
  ---
  duration_ms: 184.744417
  type: 'test'
  ...
# Subtest: lost creation response and reload replay the durable original request exactly once despite newer content
ok 52 - lost creation response and reload replay the durable original request exactly once despite newer content
  ---
  duration_ms: 2.346875
  type: 'test'
  ...
# Subtest: failed local persistence or a departed editor never sends a creation request
ok 53 - failed local persistence or a departed editor never sends a creation request
  ---
  duration_ms: 0.124875
  type: 'test'
  ...
# Subtest: only a known first-send rejection permits editing; an unknown replay 412 preserves its original identity
ok 54 - only a known first-send rejection permits editing; an unknown replay 412 preserves its original identity
  ---
  duration_ms: 0.15675
  type: 'test'
  ...
# Subtest: recovery keeps permission checks and cannot change the request target
ok 55 - recovery keeps permission checks and cannot change the request target
  ---
  duration_ms: 0.254125
  type: 'test'
  ...
# Subtest: reviewing concurrent look changes keeps the selected look and its fixed parent as one choice
ok 56 - reviewing concurrent look changes keeps the selected look and its fixed parent as one choice
  ---
  duration_ms: 2.467916
  type: 'test'
  ...
# Subtest: reviewed content rebase retains local look edits, remote voice edits and independent dialogue changes
ok 57 - reviewed content rebase retains local look edits, remote voice edits and independent dialogue changes
  ---
  duration_ms: 6.6545
  type: 'test'
  ...
# Subtest: explicit removals and null holder survive rebase, while untouched remote removal is respected
ok 58 - explicit removals and null holder survive rebase, while untouched remote removal is respected
  ---
  duration_ms: 0.412959
  type: 'test'
  ...
# Subtest: OpenAPI 3.1 samples validate with the runtime 2020-12 dialect without mutation
ok 59 - OpenAPI 3.1 samples validate with the runtime 2020-12 dialect without mutation
  ---
  duration_ms: 888.886958
  type: 'test'
  ...
# Subtest: the published CSV template becomes an additive proposal graph with exact duration and no inferred assets
ok 60 - the published CSV template becomes an additive proposal graph with exact duration and no inferred assets
  ---
  duration_ms: 79.341666
  type: 'test'
  ...
# Subtest: CSV quoting, BOM, line breaks and decimal microseconds are retained without executing text
ok 61 - CSV quoting, BOM, line breaks and decimal microseconds are retained without executing text
  ---
  duration_ms: 0.677958
  type: 'test'
  ...
# Subtest: CSV errors reject the whole input instead of skipping rows or guessing a mapping
ok 62 - CSV errors reject the whole input instead of skipping rows or guessing a mapping
  ---
  duration_ms: 11.48875
  type: 'test'
  ...
# Subtest: append mode names a real target and refuses a CSV with several source scenes
ok 63 - append mode names a real target and refuses a CSV with several source scenes
  ---
  duration_ms: 0.780667
  type: 'test'
  ...
# Subtest: known dialogue overlap uses fixed source ranges, actual placement, and independent audible clips
ok 64 - known dialogue overlap uses fixed source ranges, actual placement, and independent audible clips
  ---
  duration_ms: 25.162209
  type: 'test'
  ...
# Subtest: overlap diagnostics find all participating clips without quadratic pair expansion
ok 65 - overlap diagnostics find all participating clips without quadratic pair expansion
  ---
  duration_ms: 54.507042
  type: 'test'
  ...
# Subtest: binding application preserves explicit original-sound choices and unfinished decisions
ok 66 - binding application preserves explicit original-sound choices and unfinished decisions
  ---
  duration_ms: 3.058375
  type: 'test'
  ...
# Subtest: presence advice expires individual pages using server time, then becomes unknown
ok 67 - presence advice expires individual pages using server time, then becomes unknown
  ---
  duration_ms: 5.803709
  type: 'test'
  ...
# Subtest: explicit work replay preserves unselected peer clips, new entries and independent order
ok 68 - explicit work replay preserves unselected peer clips, new entries and independent order
  ---
  duration_ms: 8.822666
  type: 'test'
  ...
# Subtest: track deletion and insertion require explicit related clip choices
ok 69 - track deletion and insertion require explicit related clip choices
  ---
  duration_ms: 1.141917
  type: 'test'
  ...
# Subtest: editing canonical JSON agrees with frozen scalar/number fixtures and Python UTF-8 hashes
ok 70 - editing canonical JSON agrees with frozen scalar/number fixtures and Python UTF-8 hashes
  ---
  duration_ms: 190.065708
  type: 'test'
  ...
# Subtest: editing canonical keeps scalar ordering across BMP, astral keys and shared prefixes
ok 71 - editing canonical keeps scalar ordering across BMP, astral keys and shared prefixes
  ---
  duration_ms: 0.316917
  type: 'test'
  ...
# Subtest: unfinished edits save structurally while diagnostics remain live and leave input unchanged
ok 72 - unfinished edits save structurally while diagnostics remain live and leave input unchanged
  ---
  duration_ms: 45.389875
  type: 'test'
  ...
# Subtest: work-wide validation rejects reversed intervals, duplicate identity and missing exact sources
ok 73 - work-wide validation rejects reversed intervals, duplicate identity and missing exact sources
  ---
  duration_ms: 0.862
  type: 'test'
  ...
# Subtest: diagnostics preserve exact microseconds at large integer boundaries
ok 74 - diagnostics preserve exact microseconds at large integer boundaries
  ---
  duration_ms: 1.373
  type: 'test'
  ...
# Subtest: document limits count all tracks and canonical UTF-8 bytes
ok 75 - document limits count all tracks and canonical UTF-8 bytes
  ---
  duration_ms: 306.875541
  type: 'test'
  ...
# Subtest: history retains real recent revisions, UTC checkpoints and protected bodies within deduplicated budget
ok 76 - history retains real recent revisions, UTC checkpoints and protected bodies within deduplicated budget
  ---
  duration_ms: 1.206208
  type: 'test'
  ...
# Subtest: generated video preserves actual integer timing and allows no more than one decoded frame of container quantization
ok 77 - generated video preserves actual integer timing and allows no more than one decoded frame of container quantization
  ---
  duration_ms: 1.321625
  type: 'test'
  ...
# Subtest: generated video rejects missing audio, frame evidence and wrong output kind or dimensions
ok 78 - generated video rejects missing audio, frame evidence and wrong output kind or dimensions
  ---
  duration_ms: 0.246584
  type: 'test'
  ...
# Subtest: generated audio retains exact sample timing without any video dimensions or track toggle
ok 79 - generated audio retains exact sample timing without any video dimensions or track toggle
  ---
  duration_ms: 0.251583
  type: 'test'
  ...
# Subtest: accepted and running jobs advance by GET; success after cancellation still preserves results and manual input
ok 80 - accepted and running jobs advance by GET; success after cancellation still preserves results and manual input
  ---
  duration_ms: 2.940459
  type: 'test'
  ...
# Subtest: lost cancellation receipt survives reload and known cancellation facts never repeat POST
ok 81 - lost cancellation receipt survives reload and known cancellation facts never repeat POST
  ---
  duration_ms: 1.618208
  type: 'test'
  ...
# Subtest: not-delivered cancellation waits for explicit recovery of the same job and key after reload
ok 82 - not-delivered cancellation waits for explicit recovery of the same job and key after reload
  ---
  duration_ms: 0.465416
  type: 'test'
  ...
# Subtest: cancel storage failure prevents POST and preserves the original input
ok 83 - cancel storage failure prevents POST and preserves the original input
  ---
  duration_ms: 0.171834
  type: 'test'
  ...
# Subtest: opened cancellation cannot retarget another job and a completed job is only read
ok 84 - opened cancellation cannot retarget another job and a completed job is only read
  ---
  duration_ms: 0.238083
  type: 'test'
  ...
# Subtest: malformed or wrong-target cancellation replies retain an unresolved fixed intent
ok 85 - malformed or wrong-target cancellation replies retain an unresolved fixed intent
  ---
  duration_ms: 1.453125
  type: 'test'
  ...
# Subtest: permission recheck precedes cancellation; confirmed revocation hides and clears local recovery
ok 86 - permission recheck precedes cancellation; confirmed revocation hides and clears local recovery
  ---
  duration_ms: 0.223542
  type: 'test'
  ...
# Subtest: late cancellation reply cannot revive a retired session or its durable intent
ok 87 - late cancellation reply cannot revive a retired session or its durable intent
  ---
  duration_ms: 0.17375
  type: 'test'
  ...
# Subtest: SQL cancel_requested with unsupported or unknown continues reads; terminal results supersede processing text
ok 88 - SQL cancel_requested with unsupported or unknown continues reads; terminal results supersede processing text
  ---
  duration_ms: 5.068667
  type: 'test'
  ...
# Subtest: target descriptions and unverified image capabilities cannot become executable choices
ok 89 - target descriptions and unverified image capabilities cannot become executable choices
  ---
  duration_ms: 1.436583
  type: 'test'
  ...
# Subtest: image plan fixes manual text, references and assistance provenance without using suggestion body
ok 90 - image plan fixes manual text, references and assistance provenance without using suggestion body
  ---
  duration_ms: 0.215709
  type: 'test'
  ...
# Subtest: single-image output validates model dimensions, aspect ratio and prohibited duration/audio
ok 91 - single-image output validates model dimensions, aspect ratio and prohibited duration/audio
  ---
  duration_ms: 0.122459
  type: 'test'
  ...
# Subtest: canvas prepare fixes the saved canvas revision and selects no implicit shot
ok 92 - canvas prepare fixes the saved canvas revision and selects no implicit shot
  ---
  duration_ms: 0.153084
  type: 'test'
  ...
# Subtest: a late canvas save cannot start plan preparation after the session is retired
ok 93 - a late canvas save cannot start plan preparation after the session is retired
  ---
  duration_ms: 0.41
  type: 'test'
  ...
# Subtest: late command follow-up cannot perform another side effect after an access epoch changes
ok 94 - late command follow-up cannot perform another side effect after an access epoch changes
  ---
  duration_ms: 0.227334
  type: 'test'
  ...
# Subtest: opening an existing image task and refreshing performs reads without executing again
ok 95 - opening an existing image task and refreshing performs reads without executing again
  ---
  duration_ms: 0.338209
  type: 'test'
  ...
# Subtest: lost materialization result retains its exact operation identity across refresh with no POST
ok 96 - lost materialization result retains its exact operation identity across refresh with no POST
  ---
  duration_ms: 0.276542
  type: 'test'
  ...
# Subtest: materialization acknowledgement is durable before a parent view can unmount
ok 97 - materialization acknowledgement is durable before a parent view can unmount
  ---
  duration_ms: 0.265625
  type: 'test'
  ...
# Subtest: project creation commits once after lost response, reload and expired HTTP receipt, preserving its durable original identity
ok 98 - project creation commits once after lost response, reload and expired HTTP receipt, preserving its durable original identity
  ---
  duration_ms: 2.238916
  type: 'test'
  ...
# Subtest: unreadable recovery cannot overwrite an existing request; write failure never submits
ok 99 - unreadable recovery cannot overwrite an existing request; write failure never submits
  ---
  duration_ms: 0.256667
  type: 'test'
  ...
# Subtest: only a complete trusted first business rejection permits editing; proxy and identity conflicts remain unresolved
ok 100 - only a complete trusted first business rejection permits editing; proxy and identity conflicts remain unresolved
  ---
  duration_ms: 0.783875
  type: 'test'
  ...
# Subtest: a later complete rejection cannot release a previously unknown project request
ok 101 - a later complete rejection cannot release a previously unknown project request
  ---
  duration_ms: 0.248708
  type: 'test'
  ...
# Subtest: malformed or foreign Project success never clears the original identity
ok 102 - malformed or foreign Project success never clears the original identity
  ---
  duration_ms: 0.486042
  type: 'test'
  ...
# Subtest: confirmed result persists before cleanup; storage failures recover locally without another POST
ok 103 - confirmed result persists before cleanup; storage failures recover locally without another POST
  ---
  duration_ms: 0.17075
  type: 'test'
  ...
# Subtest: confirmed cleanup recovery rechecks current authority and retains the receipt when denied
ok 104 - confirmed cleanup recovery rechecks current authority and retains the receipt when denied
  ---
  duration_ms: 4.391541
  type: 'test'
  ...
# Subtest: closing while submission is in flight never navigates or clears a successor's request
ok 105 - closing while submission is in flight never navigates or clears a successor's request
  ---
  duration_ms: 0.391291
  type: 'test'
  ...
# Subtest: accepted text writes register before close so a serial slot can drain them before reopening
ok 106 - accepted text writes register before close so a serial slot can drain them before reopening
  ---
  duration_ms: 0.374417
  type: 'test'
  ...
# Subtest: prepare prompt fixes shot and target capability revision without implicit scene context
ok 107 - prepare prompt fixes shot and target capability revision without implicit scene context
  ---
  duration_ms: 3.99175
  type: 'test'
  ...
# Subtest: explicit apply preserves manual text, fixed references and artifact revision; repeat cannot duplicate
ok 108 - explicit apply preserves manual text, fixed references and artifact revision; repeat cannot duplicate
  ---
  duration_ms: 109.606666
  type: 'test'
  ...
# Subtest: unknown edit recovery confirms matching new revision with reordered body keys; unchanged base only permits explicit retry
ok 109 - unknown edit recovery confirms matching new revision with reordered body keys; unchanged base only permits explicit retry
  ---
  duration_ms: 0.213834
  type: 'test'
  ...
# Subtest: manual draft editing after a fixed plan does not change prepared model input
ok 110 - manual draft editing after a fixed plan does not change prepared model input
  ---
  duration_ms: 8.134833
  type: 'test'
  ...
# Subtest: confirmation against older manual input rejects before application or remote read
ok 111 - confirmation against older manual input rejects before application or remote read
  ---
  duration_ms: 0.267458
  type: 'test'
  ...
# Subtest: save intent is durable before request; losing response preserves exact edit for refresh
ok 112 - save intent is durable before request; losing response preserves exact edit for refresh
  ---
  duration_ms: 0.424541
  type: 'test'
  ...
# Subtest: late artifact result cannot repopulate draft or storage after session retirement
ok 113 - late artifact result cannot repopulate draft or storage after session retirement
  ---
  duration_ms: 0.2
  type: 'test'
  ...
# Subtest: new creation input retains the previous manual prompt and fixed artifact source
ok 114 - new creation input retains the previous manual prompt and fixed artifact source
  ---
  duration_ms: 0.123125
  type: 'test'
  ...
# Subtest: reading a concurrently changed artifact never silently rebases dirty manual edits
ok 115 - reading a concurrently changed artifact never silently rebases dirty manual edits
  ---
  duration_ms: 3.053042
  type: 'test'
  ...
# Subtest: an unapplied prompt can explicitly advance its fixed shot while retaining input and completed task through reload
ok 116 - an unapplied prompt can explicitly advance its fixed shot while retaining input and completed task through reload
  ---
  duration_ms: 10.564625
  type: 'test'
  ...
# Subtest: advancing an unapplied prompt cannot abandon an unknown task
ok 117 - advancing an unapplied prompt cannot abandon an unknown task
  ---
  duration_ms: 4.265833
  type: 'test'
  ...
# Subtest: NTSC inward range keeps exact source frame bounds
ok 118 - NTSC inward range keeps exact source frame bounds
  ---
  duration_ms: 1.22525
  type: 'test'
  ...
# Subtest: invalid or shorter-than-frame intervals are rejected
ok 119 - invalid or shorter-than-frame intervals are rejected
  ---
  duration_ms: 0.228917
  type: 'test'
  ...
# Subtest: audio length is derived from global frame boundaries, not per-clip rounded sums
ok 120 - audio length is derived from global frame boundaries, not per-clip rounded sums
  ---
  duration_ms: 0.102084
  type: 'test'
  ...
# Subtest: mock accepted: repeated scheduling cannot submit twice
ok 121 - mock accepted: repeated scheduling cannot submit twice
  ---
  duration_ms: 0.103833
  type: 'test'
  ...
# Subtest: mock rejected: repeated scheduling cannot submit twice
ok 122 - mock rejected: repeated scheduling cannot submit twice
  ---
  duration_ms: 0.038792
  type: 'test'
  ...
# Subtest: mock lost_reply: repeated scheduling cannot submit twice
ok 123 - mock lost_reply: repeated scheduling cannot submit twice
  ---
  duration_ms: 0.033917
  type: 'test'
  ...
# Subtest: lost reply can accept late evidence without a new purchase; conflicting receipts stay unresolved
ok 124 - lost reply can accept late evidence without a new purchase; conflicting receipts stay unresolved
  ---
  duration_ms: 0.113041
  type: 'test'
  ...
# Subtest: source mapping uses presentation intervals, exact joints and a verified final end
ok 125 - source mapping uses presentation intervals, exact joints and a verified final end
  ---
  duration_ms: 2.108959
  type: 'test'
  ...
# Subtest: large and negative source PTS retain exact relative coordinates
ok 126 - large and negative source PTS retain exact relative coordinates
  ---
  duration_ms: 0.200917
  type: 'test'
  ...
# Subtest: ambiguous timing, missing final duration, subframe media and unsafe profiles fail explicitly
ok 127 - ambiguous timing, missing final duration, subframe media and unsafe profiles fail explicitly
  ---
  duration_ms: 0.445583
  type: 'test'
  ...
# Subtest: storage fixture waits through explicit S3 startup after health is available
ok 128 - storage fixture waits through explicit S3 startup after health is available
  ---
  duration_ms: 254.82625
  type: 'test'
  ...
# Subtest: storage fixture startup wait has a finite deadline
ok 129 - storage fixture startup wait has a finite deadline
  ---
  duration_ms: 25.993958
  type: 'test'
  ...
# Subtest: storage fixture never retries authorization, network or unrelated service failures
ok 130 - storage fixture never retries authorization, network or unrelated service failures
  ---
  duration_ms: 1.0285
  type: 'test'
  ...
# Subtest: storage readiness reaches its deadline when transport has no referenced handles
ok 131 - storage readiness reaches its deadline when transport has no referenced handles
  ---
  duration_ms: 326.788333
  type: 'test'
  ...
# Subtest: storage readiness reports status and releases a successful attempt's deadline
ok 132 - storage readiness reports status and releases a successful attempt's deadline
  ---
  duration_ms: 241.65475
  type: 'test'
  ...
# Subtest: only rework assistance requires the exact opened comment revision
ok 133 - only rework assistance requires the exact opened comment revision
  ---
  duration_ms: 6.719875
  type: 'test'
  ...
# Subtest: Take review and comment each require an explicit fixed request; response loss refresh never writes
ok 134 - Take review and comment each require an explicit fixed request; response loss refresh never writes
  ---
  duration_ms: 2.828375
  type: 'test'
  ...
# Subtest: expired create is read-only, same-text lists do not confirm it or release its identity
ok 135 - expired create is read-only, same-text lists do not confirm it or release its identity
  ---
  duration_ms: 0.306917
  type: 'test'
  ...
# Subtest: storage failure before send prevents mutation; confirmed local cleanup failure only retries cleanup
ok 136 - storage failure before send prevents mutation; confirmed local cleanup failure only retries cleanup
  ---
  duration_ms: 0.423958
  type: 'test'
  ...
# Subtest: malformed/proxy rejection is unknown; only full first business rejection permits editing
ok 137 - malformed/proxy rejection is unknown; only full first business rejection permits editing
  ---
  duration_ms: 0.418375
  type: 'test'
  ...
# Subtest: comment receipt must be by original actor; no-op changes accept original revision and preserve unrelated input
ok 138 - comment receipt must be by original actor; no-op changes accept original revision and preserve unrelated input
  ---
  duration_ms: 3.4085
  type: 'test'
  ...
# Subtest: comment CAS response loss reconciles via read only; conflict retains original input before explicit current-head editing
ok 139 - comment CAS response loss reconciles via read only; conflict retains original input before explicit current-head editing
  ---
  duration_ms: 0.828708
  type: 'test'
  ...
# Subtest: fixed opinion confirmation rejects later head/resolution; previous selection remains readable
ok 140 - fixed opinion confirmation rejects later head/resolution; previous selection remains readable
  ---
  duration_ms: 0.38675
  type: 'test'
  ...
# Subtest: temporary access failure hides recovery; confirmed denial clears it and late command cannot revive it
ok 141 - temporary access failure hides recovery; confirmed denial clears it and late command cannot revive it
  ---
  duration_ms: 3.392333
  type: 'test'
  ...
# Subtest: accepted last text drains through view close; failed initial read cannot overwrite an unread draft
ok 142 - accepted last text drains through view close; failed initial read cannot overwrite an unread draft
  ---
  duration_ms: 1.969292
  type: 'test'
  ...
# Subtest: rework plan and next input preserve old Take shot and opinion revision; normal draft/media scope stays distinct
ok 143 - rework plan and next input preserve old Take shot and opinion revision; normal draft/media scope stays distinct
  ---
  duration_ms: 17.463375
  type: 'test'
  ...
# Subtest: a slow durable write cannot extend the original 24-hour create retry window
ok 144 - a slow durable write cannot extend the original 24-hour create retry window
  ---
  duration_ms: 1.324709
  type: 'test'
  ...
# Subtest: altered 201 creation facts never clear the original Take opinion request
ok 145 - altered 201 creation facts never clear the original Take opinion request
  ---
  duration_ms: 0.863083
  type: 'test'
  ...
# Subtest: video execution requires its own executable capability, never an image or target profile
ok 146 - video execution requires its own executable capability, never an image or target profile
  ---
  duration_ms: 1.372834
  type: 'test'
  ...
# Subtest: video output fixes integer duration, supported geometry and explicitly selected audio
ok 147 - video output fixes integer duration, supported geometry and explicitly selected audio
  ---
  duration_ms: 0.504375
  type: 'test'
  ...
# Subtest: video plan preserves manual text, fixed references and historical assistance source
ok 148 - video plan preserves manual text, fixed references and historical assistance source
  ---
  duration_ms: 0.215958
  type: 'test'
  ...
# Subtest: canvas video preparation binds the saved draft version and rejects an image source
ok 149 - canvas video preparation binds the saved draft version and rejects an image source
  ---
  duration_ms: 0.231667
  type: 'test'
  ...
1..149
# tests 149
# suites 0
# pass 149
# fail 0
# cancelled 0
# skipped 0
# todo 0
# duration_ms 4703.383625
