### Result
{"controlledTransport":true,"realIndexedDB":true,"notBackendOrProviderAcceptance":true,"plans":[{"id":"00006100-aabb-4ccd-8eef-112233445566","kind":"image","sources":[{"shotId":"00006012-aabb-4ccd-8eef-112233445566","shotRevisionId":"00006016-aabb-4ccd-8eef-112233445566"},{"shotId":"00006011-aabb-4ccd-8eef-112233445566","shotRevisionId":"00006014-aabb-4ccd-8eef-112233445566"}]},{"id":"00006101-aabb-4ccd-8eef-112233445566","kind":"image","sources":[]},{"id":"00006102-aabb-4ccd-8eef-112233445566","kind":"video","sources":[{"shotId":"00006011-aabb-4ccd-8eef-112233445566","shotRevisionId":"00006017-aabb-4ccd-8eef-112233445566"}]},{"id":"00006103-aabb-4ccd-8eef-112233445566","kind":"audio","sources":[{"shotId":"00006012-aabb-4ccd-8eef-112233445566","shotRevisionId":"00006016-aabb-4ccd-8eef-112233445566"}]}],"planPosts":[{"path":"/v1/tenants/00006001-aabb-4ccd-8eef-112233445566/projects/00006002-aabb-4ccd-8eef-112233445566/scenes/00006005-aabb-4ccd-8eef-112233445566/canvas/generation-plans","method":"POST","key":"4157231c-a063-465d-a4af-273430853824","version":"\"1\"","body":"{\"nodeId\":\"00006008-aabb-4ccd-8eef-112233445566\",\"shotSources\":[{\"shotId\":\"00006012-aabb-4ccd-8eef-112233445566\",\"shotRevisionId\":\"00006016-aabb-4ccd-8eef-112233445566\"},{\"shotId\":\"00006011-aabb-4ccd-8eef-112233445566\",\"shotRevisionId\":\"00006014-aabb-4ccd-8eef-112233445566\"}],\"referenceOverrides\":[],\"promptPolicy\":\"append\"}"},{"path":"/v1/tenants/00006001-aabb-4ccd-8eef-112233445566/projects/00006002-aabb-4ccd-8eef-112233445566/scenes/00006005-aabb-4ccd-8eef-112233445566/canvas/generation-plans","method":"POST","key":"4157231c-a063-465d-a4af-273430853824","version":"\"1\"","body":"{\"nodeId\":\"00006008-aabb-4ccd-8eef-112233445566\",\"shotSources\":[{\"shotId\":\"00006012-aabb-4ccd-8eef-112233445566\",\"shotRevisionId\":\"00006016-aabb-4ccd-8eef-112233445566\"},{\"shotId\":\"00006011-aabb-4ccd-8eef-112233445566\",\"shotRevisionId\":\"00006014-aabb-4ccd-8eef-112233445566\"}],\"referenceOverrides\":[],\"promptPolicy\":\"append\"}"},{"path":"/v1/tenants/00006001-aabb-4ccd-8eef-112233445566/projects/00006002-aabb-4ccd-8eef-112233445566/scenes/00006005-aabb-4ccd-8eef-112233445566/canvas/generation-plans","method":"POST","key":"f526f22d-0ab2-4ee2-82a3-f56577a8583e","version":"\"2\"","body":"{\"nodeId\":\"00006008-aabb-4ccd-8eef-112233445566\",\"shotSources\":[],\"referenceOverrides\":[],\"promptPolicy\":\"append\"}"},{"path":"/v1/tenants/00006001-aabb-4ccd-8eef-112233445566/projects/00006002-aabb-4ccd-8eef-112233445566/scenes/00006005-aabb-4ccd-8eef-112233445566/canvas/generation-plans","method":"POST","key":"3c2d078a-3dee-4b55-8a72-9ebebd651dd4","version":"\"2\"","body":"{\"nodeId\":\"00006009-aabb-4ccd-8eef-112233445566\",\"shotSources\":[{\"shotId\":\"00006011-aabb-4ccd-8eef-112233445566\",\"shotRevisionId\":\"00006017-aabb-4ccd-8eef-112233445566\"}],\"referenceOverrides\":[],\"promptPolicy\":\"append\"}"},{"path":"/v1/tenants/00006001-aabb-4ccd-8eef-112233445566/projects/00006002-aabb-4ccd-8eef-112233445566/scenes/00006005-aabb-4ccd-8eef-112233445566/canvas/generation-plans","method":"POST","key":"46c3a873-6efe-4573-8b02-6221f5893a55","version":"\"2\"","body":"{\"nodeId\":\"00006010-aabb-4ccd-8eef-112233445566\",\"shotSources\":[{\"shotId\":\"00006012-aabb-4ccd-8eef-112233445566\",\"shotRevisionId\":\"00006016-aabb-4ccd-8eef-112233445566\"}],\"referenceOverrides\":[],\"promptPolicy\":\"append\"}"}],"otherWrites":[{"path":"/v1/tenants/00006001-aabb-4ccd-8eef-112233445566/projects/00006002-aabb-4ccd-8eef-112233445566/editing-presence","method":"PUT","body":"{\"target\":{\"kind\":\"canvas\",\"objectId\":\"00006007-aabb-4ccd-8eef-112233445566\"},\"clientSessionId\":\"82306f85-216a-4a90-ba08-26921f6efd81\",\"activity\":\"viewing\"}"},{"path":"/v1/tenants/00006001-aabb-4ccd-8eef-112233445566/projects/00006002-aabb-4ccd-8eef-112233445566/editing-presence","method":"PUT","body":"{\"target\":{\"kind\":\"canvas\",\"objectId\":\"00006007-aabb-4ccd-8eef-112233445566\"},\"clientSessionId\":\"82306f85-216a-4a90-ba08-26921f6efd81\",\"activity\":\"viewing\"}"},{"path":"/v1/tenants/00006001-aabb-4ccd-8eef-112233445566/projects/00006002-aabb-4ccd-8eef-112233445566/editing-presence","method":"PUT","body":"{\"target\":{\"kind\":\"canvas\",\"objectId\":\"00006007-aabb-4ccd-8eef-112233445566\"},\"clientSessionId\":\"82306f85-216a-4a90-ba08-26921f6efd81\",\"activity\":\"viewing\"}"},{"path":"/v1/tenants/00006001-aabb-4ccd-8eef-112233445566/projects/00006002-aabb-4ccd-8eef-112233445566/editing-presence","method":"PUT","body":"{\"target\":{\"kind\":\"canvas\",\"objectId\":\"00006007-aabb-4ccd-8eef-112233445566\"},\"clientSessionId\":\"82306f85-216a-4a90-ba08-26921f6efd81\",\"activity\":\"viewing\"}"},{"path":"/v1/tenants/00006001-aabb-4ccd-8eef-112233445566/projects/00006002-aabb-4ccd-8eef-112233445566/editing-presence","method":"PUT","body":"{\"target\":{\"kind\":\"canvas\",\"objectId\":\"00006007-aabb-4ccd-8eef-112233445566\"},\"clientSessionId\":\"82306f85-216a-4a90-ba08-26921f6efd81\",\"activity\":\"viewing\"}"},{"path":"/v1/tenants/00006001-aabb-4ccd-8eef-112233445566/projects/00006002-aabb-4ccd-8eef-112233445566/editing-presence","method":"PUT","body":"{\"target\":{\"kind\":\"canvas\",\"objectId\":\"00006007-aabb-4ccd-8eef-112233445566\"},\"clientSessionId\":\"82306f85-216a-4a90-ba08-26921f6efd81\",\"activity\":\"viewing\"}"},{"path":"/v1/tenants/00006001-aabb-4ccd-8eef-112233445566/projects/00006002-aabb-4ccd-8eef-112233445566/editing-presence","method":"PUT","body":"{\"target\":{\"kind\":\"canvas\",\"objectId\":\"00006007-aabb-4ccd-8eef-112233445566\"},\"clientSessionId\":\"82306f85-216a-4a90-ba08-26921f6efd81\",\"activity\":\"viewing\"}"},{"path":"/v1/tenants/00006001-aabb-4ccd-8eef-112233445566/projects/00006002-aabb-4ccd-8eef-112233445566/editing-presence","method":"PUT","body":"{\"target\":{\"kind\":\"canvas\",\"objectId\":\"00006007-aabb-4ccd-8eef-112233445566\"},\"clientSessionId\":\"82306f85-216a-4a90-ba08-26921f6efd81\",\"activity\":\"viewing\"}"}],"zeroAndMultipleSources":true,"historicalRevisionPreserved":true,"orderedCrossSceneSources":true,"refreshNoAutomaticPost":true,"exactOriginalRequestRecovery":true,"temporaryReadFailurePreservesReferences":true,"perNodeKindIsolation":true,"deletedDraftHistorySnapshot":true,"revocationHidesSource":true,"widths":[1512,390],"errors":[]}
### Ran Playwright code
```js
await (async (page) => {
  await page.goto('about:blank'); await page.context().unrouteAll({behavior:'ignoreErrors'});
  const id=n=>`${String(n+6000).padStart(8,'0')}-aabb-4ccd-8eef-112233445566`;
  const tenant=id(1),projectId=id(2),actor=id(3),session=id(4),scene=id(5),episode=id(6),canvasId=id(7),imageNode=id(8),videoNode=id(9),audioNode=id(10),shotA=id(11),shotB=id(12),sceneB=id(13),oldA=id(14),currentA=id(15),revB=id(16);
  const base=`/v1/tenants/${tenant}`,path=`${base}/projects/${projectId}`,out='output/playwright/2026-09-12-canvas-fixed-shot-sources';
  const url=`http://127.0.0.1:4316/#/app/t/${tenant}/p/${projectId}/production?scene=${scene}&mode=canvas`;
  const identity={id:session,revision:1,userId:actor,email:'canvas-fixed-sources@example.test',csrfToken:'explicit-controlled-transport-only'};
  const project={id:projectId,tenantId:tenant,revision:1,name:'画布固定镜头来源 · 受控传输',kind:'drama',status:'active',leadMembershipId:id(20),spec:{width:1080,height:1920,fpsNum:24,fpsDen:1,language:'zh-CN'}};
  const spec=(intent,media)=>({intent,action:'明确固定动作',camera:'近景',references:[{mediaId:media,purpose:'style',note:intent+'参考'}],dialogue:[]});
  const a={id:shotA,projectId,sceneId:scene,revision:2,label:'S01 · 门边',position:0,status:'active',specRevisionId:currentA,spec:spec('门边当前第二版',id(22))};
  const b={...a,id:shotB,sceneId:sceneB,label:'S02 · 窗边',specRevisionId:revB,spec:spec('另一场固定窗边要求',id(23))};
  const revisions=[{id:oldA,projectId,shotId:shotA,revision:1,number:1,spec:spec('门边旧版不可自动替换',id(21))},{id:currentA,projectId,shotId:shotA,revision:2,number:2,spec:a.spec},{id:revB,projectId,shotId:shotB,revision:1,number:1,spec:b.spec}];
  const sceneData={id:scene,projectId,episodeId:episode,revision:1,title:'门边',position:0,status:'active',summary:'来源选择',state:{}};
  const tree={projectId,revision:2,episodes:[{id:episode,projectId,revision:1,title:'第一集',position:0,status:'active'}],scenes:[sceneData,{...sceneData,id:sceneB,title:'窗边',position:1}],shots:[a,b]};
  const kinds=['image','video','audio'], caps=kinds.map((kind,index)=>({id:id(30+index),revision:1,connectionId:id(40),purpose:kind,mode:`${kind}_fixture_v1`,executionMode:'test_fixture',modelVersion:`受控${kind}来源模型`,enabled:true,supportedPurposes:[],inputRules:[],...(kind==='audio'?{}:{allowedResolutions:['256x256'],allowedAspectRatios:['1:1']}),...(kind==='image'?{}:{minDurationSeconds:2,maxDurationSeconds:2}),audioOutput:false}));
  let canvas={id:canvasId,projectId,revision:1,schemaVersion:1,documentHash:'pending',updatedAt:'2026-09-12T00:00:00Z',document:{nodes:kinds.map((kind,index)=>({id:[imageNode,videoNode,audioNode][index],kind,title:`受控${kind}草稿`,position:{x:20+index*430,y:20},width:360,content:{type:'draft',prompt:`手工${kind}输入保持`,connectionId:id(40),capabilityId:caps[index].id,output:kind==='image'?{resolution:'256x256'}:kind==='video'?{resolution:'256x256',durationSeconds:2}:{durationSeconds:2}}})),edges:[],groups:[]}};
  let pref={sceneId:scene,revision:1,mode:'canvas',selectedShotId:shotA,selectedNodeIds:[imageNode],viewport:{x:0,y:0,zoom:0.6},assetPanelOpen:false,assistantOpen:false};
  const plans=[],writes=[],reads=[],errors=[]; let losePlan=true,exactFailure=0,deny=false,delayHistory=false,releaseHistory;
  const reply=(r,body,status=200)=>r.fulfill({status,contentType:'application/json',body:JSON.stringify(body)});
  const ensure=(value,message)=>{if(!value)throw Error(message)};
  const hash=doc=>page.evaluate(async doc=>{const canonical=value=>JSON.stringify(value,(_key,item)=>item&&typeof item==='object'&&!Array.isArray(item)?Object.fromEntries(Object.entries(item).sort(([a],[b])=>a<b?-1:a>b?1:0)):item);const bytes=await crypto.subtle.digest('SHA-256',new TextEncoder().encode(canonical(doc)));return Array.from(new Uint8Array(bytes),v=>v.toString(16).padStart(2,'0')).join('')},doc);
  page.on('pageerror',e=>errors.push(e.message)); page.on('dialog',d=>d.accept());
  await page.context().route('**/health/**',r=>reply(r,{phase:'business',identityMode:'local_test',providerMode:'mock'}));
  await page.context().route('**/v1/**',async r=>{
    const req=r.request(),u=req.url().split('?')[0].replace(/^https?:\/\/[^/]+/,''),query=Object.fromEntries((req.url().split('?')[1]??'').split('&').map(x=>x.split('='))),method=req.method();
    if(method==='GET')reads.push(u);else writes.push({path:u,method,key:req.headers()['idempotency-key'],version:req.headers()['if-match'],body:req.postData()});
    if(u==='/v1/session')return reply(r,identity);
    if(u==='/v1/tenants')return reply(r,{items:[{id:tenant,revision:1,name:'受控画布工作室',ownerUserId:actor,currency:'CNY'}]});
    if(u===`${base}/members`)return reply(r,{items:[{id:id(20),revision:1,userId:actor,role:'owner',status:'active'}]});
    if(u===`${base}/projects`)return reply(r,{items:[project]});if(u===path)return reply(r,project);
    if(deny && (u.startsWith(path)||u.startsWith(`${base}/generation-`)))return reply(r,{code:'FORBIDDEN',message:'controlled permission revoked',requestId:'controlled'},403);
    if(u===`${path}/content`)return reply(r,tree);
    if(u===`${path}/editing-presence`)return reply(r,{target:{kind:'canvas',objectId:canvasId},serverTime:new Date().toISOString(),entries:[]});
    if(u.endsWith('/events'))return r.fulfill({status:200,contentType:'text/event-stream',body:': controlled\n\n'});
    if(u.endsWith('/workspace-preference')){if(method==='PUT')pref={...req.postDataJSON(),sceneId:scene,revision:pref.revision+1};return reply(r,pref)}
    if(u===`${path}/scenes/${scene}/canvas`)return reply(r,{sceneId:scene,canvas,bindings:[]});
    if(u===`${path}/canvases/${canvasId}`){if(method==='PUT'){canvas={...canvas,revision:canvas.revision+1,document:req.postDataJSON().document};canvas.documentHash=await hash(canvas.document)}return reply(r,canvas)}
    if(u===`${base}/capabilities`)return reply(r,{items:caps.filter(c=>!query.purpose||c.purpose===query.purpose)});
    if(u===`${path}/scripts`||u===`${path}/takes`||u===`${path}/assistance-artifacts`)return reply(r,{items:[]});
    if(u.includes('/shots/')&&u.endsWith('/revisions')){const shotId=u.split('/shots/')[1].split('/')[0];if(delayHistory&&shotId===shotA)await new Promise(resolve=>{releaseHistory=resolve});return reply(r,{items:revisions.filter(v=>v.shotId===shotId)})}
    if(u.includes('/shots/')&&u.includes('/revisions/')){if(exactFailure)return reply(r,{code:'SOURCE_UNAVAILABLE',message:'controlled source read failure',requestId:'controlled'},exactFailure);return reply(r,revisions.find(v=>u.endsWith(v.id)))}
    if(u===`${path}/scenes/${scene}/canvas/generation-plans`){
      const body=req.postDataJSON(),prior=plans.find(entry=>entry.key===req.headers()['idempotency-key']);
      if(prior){ensure(JSON.stringify(body)===JSON.stringify(prior.body)&&req.headers()['if-match']===prior.version,'recovery changed original request');return reply(r,{plan:prior.plan,origin:prior.origin},201)}
      ensure(req.headers()['if-match']===`"${canvas.revision}"`,'wrong canvas CAS');
      const node=canvas.document.nodes.find(n=>n.id===body.nodeId),input={scope:'project',projectId,connectionId:node.content.connectionId,capabilityId:node.content.capabilityId,purpose:node.kind,prompt:node.content.prompt,output:node.content.output,additionalReferences:[],referenceOverrides:body.referenceOverrides,promptPolicy:body.promptPolicy,shotSources:body.shotSources};
      const shots=body.shotSources.map(source=>{const revision=revisions.find(v=>v.id===source.shotRevisionId&&v.shotId===source.shotId);ensure(revision,'missing fixed source');return {...source,spec:revision.spec,entryState:{},exitState:{}}});
      const plan={id:id(100+plans.length),revision:1,input,status:'ready',expiresAt:'2099-01-01T00:00:00Z',blockingReasons:[],executionMode:'test_fixture',inputHash:'controlled',capabilityRevision:1,connectionVersionId:id(40),resolvedInput:{resolverVersion:'controlled-not-backend-acceptance',prompt:input.prompt,references:shots.flatMap(s=>s.spec.references.map(reference=>({reference,sourceLevel:'shot',shotId:s.shotId}))),shots,dependencies:[],capabilitySnapshot:caps.find(c=>c.id===input.capabilityId),output:input.output}};
      const origin={canvasId,nodeId:node.id,canvasRevision:canvas.revision,inputFingerprint:'controlled',sourceNodeIds:[]};plans.push({plan,origin,key:req.headers()['idempotency-key'],version:req.headers()['if-match'],body});
      if(losePlan){losePlan=false;return r.abort('failed')}return reply(r,{plan,origin},201);
    }
    if(u===`${path}/canvases/${canvasId}/generation-plans`)return reply(r,{items:plans.map(({plan,origin})=>({plan,origin}))});
    if(u.startsWith(`${base}/generation-plans/`))return reply(r,plans.find(e=>u.endsWith(e.plan.id)).plan);
    if(u===`${base}/generation-jobs`&&method==='GET')return reply(r,{items:[]});
    if(method!=='GET')throw Error('unexpected write '+method+' '+u);
    return reply(r,{items:[]});
  });
  await page.goto('http://127.0.0.1:4316/#/design/');
  await page.evaluate(async actor=>{if(!(await indexedDB.databases()).some(d=>d.name==='scenedesk-assistant'))return;await new Promise((resolve,reject)=>{const open=indexedDB.open('scenedesk-assistant');open.onsuccess=()=>{const db=open.result,tx=db.transaction('sessions','readwrite'),cursor=tx.objectStore('sessions').openCursor();cursor.onsuccess=()=>{const row=cursor.result;if(!row)return;if(JSON.parse(String(row.key))[0]===actor)row.delete();row.continue()};tx.oncomplete=()=>{db.close();resolve()};tx.onerror=()=>reject(tx.error)};open.onerror=()=>reject(open.error)})},actor);
  canvas.documentHash=await hash(canvas.document);
  await page.setViewportSize({width:1512,height:982});await page.goto(url);
  const panel=page.locator('[aria-label="生成单张图片"]');
  const open=async()=>{await page.getByRole('button',{name:'画布生成与结果',exact:true}).click();await panel.waitFor()};
  await open(); await panel.getByText('不使用镜头来源',{exact:true}).waitFor();
  await panel.getByRole('button',{name:'选择镜头来源',exact:true}).click();
  const choose=async(label,option)=>{const field=page.getByRole('combobox',{name:label,exact:true});await field.fill(option);await field.press('ArrowDown');await field.press('Enter')};
  await choose('来源镜头','S01');await page.getByRole('combobox',{name:'固定镜头版本',exact:true}).click();await page.getByRole('option',{name:'第 1 版',exact:true}).click();
  await page.getByRole('button',{name:'加入本次来源',exact:true}).click();await panel.locator('[aria-label="已选来源 1"]').getByText('门边旧版不可自动替换',{exact:true}).first().waitFor();
  await choose('来源场次','第一集 / 窗边');await choose('来源镜头','S02');await page.getByRole('button',{name:'加入本次来源',exact:true}).click();
  await panel.getByRole('button',{name:'上移来源 2',exact:true}).click();await panel.locator('[aria-label="已选来源 1"]').getByText('另一场固定窗边要求',{exact:true}).first().waitFor();
  await panel.getByRole('button',{name:'收起来源选择',exact:true}).click();await panel.getByText('本机已保留',{exact:true}).waitFor();
  await page.screenshot({path:`${out}/selected-1512.png`,animations:'disabled'});
  a.specRevisionId=id(17);a.spec=spec('新第三版不能混入已选来源',id(24));revisions.push({id:a.specRevisionId,projectId,shotId:shotA,revision:3,number:3,spec:a.spec});tree.revision++;
  await page.reload();await open();await panel.locator('[aria-label="已选来源 2"]').getByText('门边旧版不可自动替换',{exact:true}).first().waitFor();ensure(plans.length===0,'refresh prepared automatically');
  exactFailure=503;await page.reload();await open();await panel.getByText('controlled source read failure',{exact:true}).first().waitFor();ensure(await panel.getByText('镜头来源 · 2 / 100',{exact:true}).count()===1,'read failure erased sources');ensure(await panel.getByText('门边旧版不可自动替换',{exact:true}).count()===0,'failed read exposed cached source');
  exactFailure=0;await page.reload();await open();await panel.getByRole('button',{name:'查看图片生成计划',exact:true}).click();await panel.getByRole('button',{name:'恢复原图片计划请求',exact:true}).waitFor();
  const first=plans[0];ensure(first.plan.input.shotSources[0].shotId===shotB&&first.plan.input.shotSources[1].shotRevisionId===oldA,'wrong fixed ordered request');
  canvas.revision++;await page.reload();await open();ensure(plans.length===1,'unknown refresh wrote');await panel.getByRole('button',{name:'恢复原图片计划请求',exact:true}).click();await panel.getByText('固定图片计划',{exact:true}).waitFor();
  await panel.locator('summary').filter({hasText:'固定镜头来源（2 个）'}).click();await panel.locator('[aria-label="计划原镜头来源"]').getByText('门边旧版不可自动替换',{exact:true}).first().waitFor();
  await page.setViewportSize({width:390,height:844});await panel.locator('[aria-label="计划原镜头来源"]').scrollIntoViewIfNeeded();await page.screenshot({path:`${out}/fixed-plan-390.png`,animations:'disabled'});ensure(await page.evaluate(()=>document.documentElement.scrollWidth<=innerWidth),'horizontal overflow');
  await panel.getByRole('button',{name:'保留原任务，准备下一张图片',exact:true}).click();await panel.getByText('镜头来源 · 2 / 100',{exact:true}).waitFor();await panel.getByRole('button',{name:'移除来源 2',exact:true}).click();await panel.getByRole('button',{name:'移除来源 1',exact:true}).click();await panel.getByText('本机已保留',{exact:true}).waitFor();
  await page.setViewportSize({width:1512,height:982});await panel.getByRole('button',{name:'查看图片生成计划',exact:true}).click();await panel.getByText('固定图片计划',{exact:true}).waitFor();ensure(plans[1].plan.input.shotSources.length===0,'zero-source plan broken');
  // Each node/kind owns its selected sources. Change only a saved view preference.
  for(const [nodeId,kind,label,sourceShot] of [[videoNode,'video','视频',shotA],[audioNode,'audio','音频',shotB]]){
    pref={...pref,selectedNodeIds:[nodeId],revision:pref.revision+1};await page.reload();await page.getByRole('button',{name:'画布生成与结果',exact:true}).click();const p=page.locator(`[aria-label="生成单段${label}"]`);await p.getByText('不使用镜头来源',{exact:true}).waitFor();await p.getByRole('button',{name:'选择镜头来源',exact:true}).click();if(sourceShot===shotB)await choose('来源场次','第一集 / 窗边');await choose('来源镜头',sourceShot===shotA?'S01':'S02');await page.getByRole('button',{name:'加入本次来源',exact:true}).click();await p.getByRole('button',{name:`查看${label}生成计划`,exact:true}).click();await p.getByText(`固定${label}计划`,{exact:true}).waitFor();const latest=plans[plans.length-1].plan;ensure(latest.input.purpose===kind&&latest.input.shotSources[0].shotId===sourceShot,'kind/source crossover');if(kind==='audio')ensure(!('resolution' in latest.input.output),'audio got visual output');
  }
  canvas={...canvas,revision:canvas.revision+1,document:{...canvas.document,nodes:canvas.document.nodes.filter(n=>n.id!==imageNode)}};canvas.documentHash=await hash(canvas.document);pref={...pref,selectedNodeIds:[],revision:pref.revision+1};await page.reload();await page.getByRole('button',{name:'画布生成与结果',exact:true}).click();await page.getByRole('combobox',{name:'画布生成任务历史',exact:true}).selectOption(first.plan.id);await panel.getByRole('button',{name:'打开所选的固定图片任务',exact:true}).click();await panel.locator('summary').filter({hasText:'固定镜头来源（2 个）'}).click();await panel.locator('[aria-label="计划原镜头来源"]').getByText('门边旧版不可自动替换',{exact:true}).first().waitFor();await page.screenshot({path:`${out}/deleted-draft-history-1512.png`,animations:'disabled'});
  ensure(!writes.some(w=>w.path.endsWith('/generation-jobs')),'unexpected execute');ensure(plans.length===4,'duplicate plan side effects');ensure(errors.length===0,'page errors '+JSON.stringify(errors));
  deny=true;await page.reload();await page.getByText(/controlled permission revoked/).first().waitFor();ensure(await page.getByText('门边旧版不可自动替换',{exact:true}).count()===0,'revoked source exposed');
  return {controlledTransport:true,realIndexedDB:true,notBackendOrProviderAcceptance:true,plans:plans.map(e=>({id:e.plan.id,kind:e.plan.input.purpose,sources:e.plan.input.shotSources})),planPosts:writes.filter(w=>w.path.endsWith('/canvas/generation-plans')),otherWrites:writes.filter(w=>!w.path.endsWith('/canvas/generation-plans')),zeroAndMultipleSources:true,historicalRevisionPreserved:true,orderedCrossSceneSources:true,refreshNoAutomaticPost:true,exactOriginalRequestRecovery:true,temporaryReadFailurePreservesReferences:true,perNodeKindIsolation:true,deletedDraftHistorySnapshot:true,revocationHidesSource:true,widths:[1512,390],errors};
}
)(page);
```
### Page
- Page URL: http://127.0.0.1:4316/#/app/t/00006001-aabb-4ccd-8eef-112233445566/p/00006002-aabb-4ccd-8eef-112233445566/production?scene=00006005-aabb-4ccd-8eef-112233445566&mode=canvas
- Page Title: 场次 · 镜头制作 · 幕序
- Console: 4 errors, 0 warnings
### Events
- New console entries: .playwright-cli/console-2026-09-11T21-23-29-863Z.log#L2-L15
