### Error
TimeoutError: locator.click: Timeout 30000ms exceeded.
Call log:
[2m  - waiting for getByRole('region', { name: '画布生成与结果', exact: true }).getByRole('button', { name: '打开所选的固定图片任务', exact: true })[22m
[2m    - locator resolved to <button type="button" data-size="sm" data-variant="default" class="_focus_kuo2q_1 _button_kuo2q_5 m_77c9d27d mantine-Button-root m_87cf2631 mantine-UnstyledButton-root">…</button>[22m
[2m  - attempting click action[22m
[2m    2 × waiting for element to be visible, enabled and stable[22m
[2m      - element is visible, enabled and stable[22m
[2m      - scrolling into view if needed[22m
[2m      - done scrolling[22m
[2m      - <div data-fixed="true" class="mantine-Modal-overlay m_9814e45f mantine-Overlay-root"></div> from <div data-portal="true" data-mantine-shared-portal-node="true">…</div> subtree intercepts pointer events[22m
[2m    - retrying click action[22m
[2m    - waiting 20ms[22m
[2m    - waiting for element to be visible, enabled and stable[22m
[2m    - element is visible, enabled and stable[22m
[2m    - scrolling into view if needed[22m
[2m    - done scrolling[22m
[2m    - <div data-fixed="true" class="mantine-Modal-overlay m_9814e45f mantine-Overlay-root"></div> from <div data-portal="true" data-mantine-shared-portal-node="true">…</div> subtree intercepts pointer events[22m
[2m  2 × retrying click action[22m
[2m      - waiting 100ms[22m
[2m      - waiting for element to be visible, enabled and stable[22m
[2m      - element is visible, enabled and stable[22m
[2m      - scrolling into view if needed[22m
[2m      - done scrolling[22m
[2m      - <header class="m_b5489c3c _modalHeader_kuo2q_82 m_d0e2b9cd mantine-Modal-header">…</header> from <div data-portal="true" data-mantine-shared-portal-node="true">…</div> subtree intercepts pointer events[22m
[2m  14 × retrying click action[22m
[2m       - waiting 500ms[22m
[2m       - waiting for element to be visible, enabled and stable[22m
[2m       - element is visible, enabled and stable[22m
[2m       - scrolling into view if needed[22m
[2m       - done scrolling[22m
[2m       - <div data-fixed="true" class="mantine-Modal-overlay m_9814e45f mantine-Overlay-root"></div> from <div data-portal="true" data-mantine-shared-portal-node="true">…</div> subtree intercepts pointer events[22m
[2m     - retrying click action[22m
[2m       - waiting 500ms[22m
[2m       - waiting for element to be visible, enabled and stable[22m
[2m       - element is visible, enabled and stable[22m
[2m       - scrolling into view if needed[22m
[2m       - done scrolling[22m
[2m       - <div data-fixed="true" class="mantine-Modal-overlay m_9814e45f mantine-Overlay-root"></div> from <div data-portal="true" data-mantine-shared-portal-node="true">…</div> subtree intercepts pointer events[22m
[2m     - retrying click action[22m
[2m       - waiting 500ms[22m
[2m       - waiting for element to be visible, enabled and stable[22m
[2m       - element is visible, enabled and stable[22m
[2m       - scrolling into view if needed[22m
[2m       - done scrolling[22m
[2m       - <header class="m_b5489c3c _modalHeader_kuo2q_82 m_d0e2b9cd mantine-Modal-header">…</header> from <div data-portal="true" data-mantine-shared-portal-node="true">…</div> subtree intercepts pointer events[22m
[2m     - retrying click action[22m
[2m       - waiting 500ms[22m
[2m       - waiting for element to be visible, enabled and stable[22m
[2m       - element is visible, enabled and stable[22m
[2m       - scrolling into view if needed[22m
[2m       - done scrolling[22m
[2m       - <header class="m_b5489c3c _modalHeader_kuo2q_82 m_d0e2b9cd mantine-Modal-header">…</header> from <div data-portal="true" data-mantine-shared-portal-node="true">…</div> subtree intercepts pointer events[22m
[2m  - retrying click action[22m
[2m    - waiting 500ms[22m
