### Result
{"plan":{"id":"91f7ba24-f520-4425-928c-b35d0af0f6da","revision":1,"createdAt":"2026-09-11T21:46:15.891Z","updatedAt":"2026-09-11T21:46:15.891Z","input":{"scope":"project","output":{"resolution":"32x32","aspectRatio":"1:1"},"prompt":"手工提示：保留用户选定镜头和来源顺序。","purpose":"image","projectId":"35a7bc00-f944-4dc8-807f-6ad9d6135baa","shotSources":[{"shotId":"6ebca2c3-0131-4e2c-8e77-6e1c4a8f55a3","shotRevisionId":"1e2ecb33-6616-4487-9e2d-42597d678948"},{"shotId":"56ea456c-fb2a-4b11-9703-5ac9feb5189d","shotRevisionId":"153cb9c0-0d95-498d-852e-c389323db7be"}],"capabilityId":"c95bbad5-566a-44a6-9ec8-6899c23e39c9","connectionId":"a3ac89b3-cb79-46ee-8352-0c4d4b7a6621","promptPolicy":"append","contextSources":[{"kind":"canvas_draft","objectId":"3bb02f4d-b8c5-4f63-9cde-127532051e3a","revision":2}],"referenceOverrides":[],"additionalReferences":[]},"capabilityRevision":1,"inputHash":"1405cb38b083fcf25a2f07acb5b973cedaef03212bddb06342fbdf072098ac48","expiresAt":"2026-09-11T21:56:15.891Z","status":"ready","blockingReasons":[],"resolvedInput":{"shots":[{"spec":{"intent":"B要求：保持窗边反应","exitState":{"spatialNotes":"窗边未动"},"entryState":{"spatialNotes":"窗边"},"references":[{"note":"B固定红色造型","mediaId":"5526847c-89fe-4df2-a760-e6d820d468ce","purpose":"look"}]},"shotId":"6ebca2c3-0131-4e2c-8e77-6e1c4a8f55a3","exitState":{"spatialNotes":"窗边未动"},"entryState":{"spatialNotes":"窗边"},"shotRevisionId":"1e2ecb33-6616-4487-9e2d-42597d678948"},{"spec":{"intent":"旧要求：先看门口再看钥匙","exitState":{"spatialNotes":"旧终点：桌前"},"entryState":{"spatialNotes":"旧起点：门边"},"references":[{"note":"A固定蓝色构图","mediaId":"6cf8474c-a31b-49fa-ae71-021df369a5b8","purpose":"composition"}]},"shotId":"56ea456c-fb2a-4b11-9703-5ac9feb5189d","exitState":{"spatialNotes":"旧终点：桌前"},"entryState":{"spatialNotes":"旧起点：门边"},"shotRevisionId":"153cb9c0-0d95-498d-852e-c389323db7be"}],"output":{"resolution":"32x32","aspectRatio":"1:1"},"prompt":"手工提示：保留用户选定镜头和来源顺序。\n\n镜头要求：{\"entryState\":{\"spatialNotes\":\"窗边\"},\"exitState\":{\"spatialNotes\":\"窗边未动\"},\"intent\":\"B要求：保持窗边反应\"}\n\n镜头要求：{\"entryState\":{\"spatialNotes\":\"旧起点：门边\"},\"exitState\":{\"spatialNotes\":\"旧终点：桌前\"},\"intent\":\"旧要求：先看门口再看钥匙\"}\n\n第一段画布文字：先看门口。\n\n第二段画布文字：再看钥匙。","references":[{"shotId":"6ebca2c3-0131-4e2c-8e77-6e1c4a8f55a3","reference":{"note":"B固定红色造型","mediaId":"5526847c-89fe-4df2-a760-e6d820d468ce","purpose":"look"},"sourceLevel":"shot","sourceObjectId":"1e2ecb33-6616-4487-9e2d-42597d678948"},{"shotId":"56ea456c-fb2a-4b11-9703-5ac9feb5189d","reference":{"note":"A固定蓝色构图","mediaId":"6cf8474c-a31b-49fa-ae71-021df369a5b8","purpose":"composition"},"sourceLevel":"shot","sourceObjectId":"153cb9c0-0d95-498d-852e-c389323db7be"}],"dependencies":[{"kind":"shot_revision","objectId":"1e2ecb33-6616-4487-9e2d-42597d678948","revision":1,"tracking":"fixed","contentHash":"d38501ae22af44bdddaef80f7c6594ab4ac18becbc0471588119eb0dcbafa320"},{"kind":"shot_revision","objectId":"153cb9c0-0d95-498d-852e-c389323db7be","revision":1,"tracking":"fixed","contentHash":"ae2137f486dcfc18a4fa2b396c3c7d6da4836750479de1b6d039fdc56f3d937c"},{"kind":"canvas_draft","objectId":"3bb02f4d-b8c5-4f63-9cde-127532051e3a","revision":2,"tracking":"current","contentHash":"6c479fbd9f2aaf32e66d3eb397bc032236abd157a52617e136ea28a9e6caf3a9"}],"resolverVersion":"image-generation/1","contextSnapshots":[{"text":"{\"content\":{\"capabilityId\":\"c95bbad5-566a-44a6-9ec8-6899c23e39c9\",\"connectionId\":\"a3ac89b3-cb79-46ee-8352-0c4d4b7a6621\",\"output\":{\"aspectRatio\":\"1:1\",\"resolution\":\"32x32\"},\"prompt\":\"手工提示：保留用户选定镜头和来源顺序。\",\"type\":\"draft\"},\"inputs\":[{\"content\":{\"text\":\"第一段画布文字：先看门口。\",\"type\":\"text\"},\"position\":0,\"purpose\":\"prompt\",\"sourceNodeId\":\"cda91084-40e8-4d65-bacc-2b8abdf25ea8\"},{\"content\":{\"text\":\"第二段画布文字：再看钥匙。\",\"type\":\"text\"},\"position\":1,\"purpose\":\"prompt\",\"sourceNodeId\":\"5abae5c4-80d9-437f-9ef3-fa967d9fbefa\"}],\"kind\":\"image\",\"nodeId\":\"3bb02f4d-b8c5-4f63-9cde-127532051e3a\"}","source":{"kind":"canvas_draft","objectId":"3bb02f4d-b8c5-4f63-9cde-127532051e3a","revision":2,"tracking":"current","contentHash":"6c479fbd9f2aaf32e66d3eb397bc032236abd157a52617e136ea28a9e6caf3a9"}}],"capabilitySnapshot":{"id":"c95bbad5-566a-44a6-9ec8-6899c23e39c9","mode":"image_fixture_v1","enabled":true,"purpose":"image","revision":1,"inputRules":[{"kind":"image","maxBytes":1048576,"maxCount":2,"minCount":0,"purposes":["composition","look"],"mimeTypes":["image/png"]}],"connectionId":"a3ac89b3-cb79-46ee-8352-0c4d4b7a6621","modelVersion":"显式文件 fixture，无真实模型","executionMode":"test_fixture","maxReferences":2,"supportedPurposes":["composition","look"],"allowedResolutions":["32x32"],"allowedAspectRatios":["1:1"]}},"connectionVersionId":"1579cac5-2d16-4efa-86bf-61fb2e2d3e65","executionMode":"test_fixture","costEstimate":{"lines":[],"baseCost":{"currency":"CNY","amountMicros":"0"},"basisNote":"显式本地测试适配器；没有模型调用与费用，不代表真实模型验收。","holdMargin":{"currency":"CNY","amountMicros":"0"},"pricingRevision":"explicit-test-fixture/1","totalReservation":{"currency":"CNY","amountMicros":"0"}}},"origin":{"nodeId":"3bb02f4d-b8c5-4f63-9cde-127532051e3a","canvasId":"2e8f154d-a091-48c0-8744-7c1bbcd8f148","sourceNodeIds":["cda91084-40e8-4d65-bacc-2b8abdf25ea8","5abae5c4-80d9-437f-9ef3-fa967d9fbefa"],"canvasRevision":2,"inputFingerprint":"851fb99b56603363a3a08150f2f847f6561bfe7f86607c26bfa1def9cd1a61ea"},"actualApi":true,"refreshNoAutomaticPost":true,"samePlanRecovered":true,"recoveryRequests":[{"body":{"nodeId":"3bb02f4d-b8c5-4f63-9cde-127532051e3a","shotSources":[{"shotId":"6ebca2c3-0131-4e2c-8e77-6e1c4a8f55a3","shotRevisionId":"1e2ecb33-6616-4487-9e2d-42597d678948"},{"shotId":"56ea456c-fb2a-4b11-9703-5ac9feb5189d","shotRevisionId":"153cb9c0-0d95-498d-852e-c389323db7be"}],"referenceOverrides":[],"promptPolicy":"append"},"key":"a96f7abd-1139-44db-8ba7-1e350a999237","version":"\"2\""}],"buttons":["确认执行图片生成","保留原任务，准备下一张图片"]}
### Ran Playwright code
```js
await (async page => {
  const f={
  "origin": "http://127.0.0.1:4319",
  "tenantId": "18dcee52-a98a-431b-b585-3edf36efae12",
  "projectId": "35a7bc00-f944-4dc8-807f-6ad9d6135baa",
  "sceneId": "f3cf0c48-511a-4a8c-a0a1-ac996b5b09f4",
  "otherSceneId": "b533a30c-e5ae-4f7a-b93d-b1e7759f3d83",
  "canvasId": "2e8f154d-a091-48c0-8744-7c1bbcd8f148",
  "nodeId": "3bb02f4d-b8c5-4f63-9cde-127532051e3a",
  "alternateNodeId": "0c39d073-81a6-4e00-b848-415f18ac2267",
  "scriptRevisionId": "ef672d69-4437-486d-834b-6002e5489aad",
  "selectedA": {
    "shotId": "56ea456c-fb2a-4b11-9703-5ac9feb5189d",
    "shotRevisionId": "153cb9c0-0d95-498d-852e-c389323db7be",
    "number": 2
  },
  "selectedB": {
    "shotId": "6ebca2c3-0131-4e2c-8e77-6e1c4a8f55a3",
    "shotRevisionId": "1e2ecb33-6616-4487-9e2d-42597d678948",
    "number": 1
  },
  "initialCurrentA": "1c5be608-b8bb-4f89-b08c-650ae6628093",
  "referenceA": "6cf8474c-a31b-49fa-ae71-021df369a5b8",
  "referenceB": "5526847c-89fe-4df2-a760-e6d820d468ce",
  "capabilityId": "c95bbad5-566a-44a6-9ec8-6899c23e39c9",
  "expectedOutputSha256": "90df114133da3c93c1f5eb9143b008825470bf003edcd1e2faee39faf2586f5c",
  "executionMode": "test_fixture",
  "paidProvidersEnabled": false
}
,out='output/playwright/2026-09-12-canvas-shot-sources-integrated';
  const ensure=(v,m)=>{if(!v)throw Error(m)};
  const historyUrl=`${f.origin}/v1/tenants/${f.tenantId}/projects/${f.projectId}/canvases/${f.canvasId}/generation-plans`;
  const before=await (await page.request.get(historyUrl)).json();ensure(before.items.length===1,'expected one original plan');
  const {plan:p,origin}=before.items[0];
  const expected=[f.selectedB,f.selectedA].map(({shotId,shotRevisionId})=>({shotId,shotRevisionId}));
  ensure(JSON.stringify(p.input.shotSources)===JSON.stringify(expected),'wrong selected versions/order');
  ensure(p.resolvedInput.shots[1].spec.intent==='旧要求：先看门口再看钥匙'&&p.resolvedInput.shots[1].entryState.spatialNotes==='旧起点：门边','old snapshot changed');
  ensure(JSON.stringify(p.resolvedInput.references.map(r=>r.reference.mediaId))===JSON.stringify([f.referenceB,f.referenceA]),'reference order changed');
  ensure(p.resolvedInput.prompt.indexOf('第一段画布文字')<p.resolvedInput.prompt.indexOf('第二段画布文字')&&!p.resolvedInput.prompt.includes('停用文字'),'canvas input mismatch');
  const posts=[];const listener=r=>{if(r.method()==='POST'&&r.url().endsWith('/canvas/generation-plans'))posts.push({body:r.postDataJSON(),key:r.headers()['idempotency-key'],version:r.headers()['if-match']});};page.on('request',listener);
  await page.reload();const panel=page.getByRole('region',{name:'画布生成与结果',exact:true});const toggle=page.getByRole('button',{name:'画布生成与结果',exact:true});await toggle.waitFor();if(await toggle.getAttribute('aria-expanded')!=='true')await toggle.click();
  await panel.getByRole('button',{name:'恢复原图片计划请求',exact:true}).waitFor();ensure(posts.length===0,'refresh reposted');
  const received=page.waitForResponse(r=>r.url().endsWith('/canvas/generation-plans')&&r.request().method()==='POST',{timeout:60000});
  await panel.getByRole('button',{name:'恢复原图片计划请求',exact:true}).click();
  const response=await received, restored=await response.json();ensure(response.status()===201&&restored.plan.id===p.id,'original plan not restored');
  await panel.getByText('固定图片计划',{exact:true}).waitFor();await page.unroute('**/canvas/generation-plans');page.off('request',listener);
  await panel.locator('summary').filter({hasText:'固定镜头来源（2 个）'}).click();await panel.locator('[aria-label="计划原镜头来源"]').getByText('旧要求：先看门口再看钥匙',{exact:true}).first().waitFor();
  await page.setViewportSize({width:390,height:844});await panel.locator('[aria-label="计划原镜头来源"]').scrollIntoViewIfNeeded();await page.screenshot({path:`${out}/fixed-plan-actual-390.png`,animations:'disabled'});ensure(await page.evaluate(()=>document.documentElement.scrollWidth<=innerWidth),'horizontal overflow');await page.setViewportSize({width:1512,height:982});
  return {plan:p,origin,actualApi:true,refreshNoAutomaticPost:true,samePlanRecovered:true,recoveryRequests:posts,buttons:await panel.getByRole('button').allTextContents()};
}
)(page);
```
### Page
- Page URL: http://127.0.0.1:4319/#/app/t/18dcee52-a98a-431b-b585-3edf36efae12/p/35a7bc00-f944-4dc8-807f-6ad9d6135baa/production?scene=f3cf0c48-511a-4a8c-a0a1-ac996b5b09f4&mode=canvas
- Page Title: 图像场次 · 镜头制作 · 幕序
