TAP version 13
# Subtest: restricted runtime cannot misrepresent fixed shot snapshots
    # Subtest: an unchanged fixed snapshot remains legal
    ok 1 - an unchanged fixed snapshot remains legal
      ---
      duration_ms: 560.032708
      type: 'test'
      ...
    # Subtest: rejects an additional unselected shot
    ok 2 - rejects an additional unselected shot
      ---
      duration_ms: 67.846959
      type: 'test'
      ...
    # Subtest: rejects another shot identity
    ok 3 - rejects another shot identity
      ---
      duration_ms: 118.767375
      type: 'test'
      ...
    # Subtest: rejects another shot revision
    ok 4 - rejects another shot revision
      ---
      duration_ms: 48.561667
      type: 'test'
      ...
    # Subtest: rejects invented entry state
    ok 5 - rejects invented entry state
      ---
      duration_ms: 71.674667
      type: 'test'
      ...
    # Subtest: rejects invented exit state
    ok 6 - rejects invented exit state
      ---
      duration_ms: 143.076542
      type: 'test'
      ...
    # Subtest: rejects a missing shot array
    ok 7 - rejects a missing shot array
      ---
      duration_ms: 167.38175
      type: 'test'
      ...
    # Subtest: rejects a null shot array
    ok 8 - rejects a null shot array
      ---
      duration_ms: 80.161542
      type: 'test'
      ...
    # Subtest: rejects an omitted selected shot
    ok 9 - rejects an omitted selected shot
      ---
      duration_ms: 242.749666
      type: 'test'
      ...
    # Subtest: rejects a missing continuity state
    ok 10 - rejects a missing continuity state
      ---
      duration_ms: 105.303
      type: 'test'
      ...
    1..10
ok 1 - restricted runtime cannot misrepresent fixed shot snapshots
  ---
  duration_ms: 50072.710042
  type: 'test'
  ...
# Subtest: audio canvas shots fix explicit dialogue, continuity voices and a selected character's default voice
ok 2 - audio canvas shots fix explicit dialogue, continuity voices and a selected character's default voice
  ---
  duration_ms: 61989.442791
  type: 'test'
  ...
# Subtest: canvas generation retains explicitly ordered historical shot sources
    # Subtest: an empty selection remains a free canvas input
    ok 1 - an empty selection remains a free canvas input
      ---
      duration_ms: 2925.262334
      type: 'test'
      ...
    # Subtest: same-project cross-scene sources preserve requested order, old spec, continuity and references
    ok 2 - same-project cross-scene sources preserve requested order, old spec, continuity and references
      ---
      duration_ms: 6978.370542
      type: 'test'
      ...
    # Subtest: duplicate versions, mismatched identities and another project's real shot are rejected
    ok 3 - duplicate versions, mismatched identities and another project's real shot are rejected
      ---
      duration_ms: 6685.064792
      type: 'test'
      ...
    # Subtest: archiving a selected shot before prepare or execute rejects a new job
    ok 4 - archiving a selected shot before prepare or execute rejects a new job
      ---
      duration_ms: 5295.15175
      type: 'test'
      ...
    # Subtest: archiving a selected scene before prepare or execute rejects a new job
    ok 5 - archiving a selected scene before prepare or execute rejects a new job
      ---
      duration_ms: 4087.822041
      type: 'test'
      ...
    # Subtest: archiving a selected episode before prepare or execute rejects a new job
    ok 6 - archiving a selected episode before prepare or execute rejects a new job
      ---
      duration_ms: 2951.366416
      type: 'test'
      ...
    # Subtest: after execute, archived source roots and deleted draft do not rewrite fixed text or lose result history
    ok 7 - after execute, archived source roots and deleted draft do not rewrite fixed text or lose result history
      ---
      duration_ms: 9918.872875
      type: 'test'
      ...
    1..7
ok 3 - canvas generation retains explicitly ordered historical shot sources
  ---
  duration_ms: 131027.392292
  type: 'test'
  ...
1..3
# tests 20
# suites 0
# pass 20
# fail 0
# cancelled 0
# skipped 0
# todo 0
# duration_ms 244995.525833
