### Error
TimeoutError: locator.click: Timeout 30000ms exceeded.
Call log:
[2m  - waiting for getByRole('option', { name: '受控异步助手' })[22m
[2m    - locator resolved to <div id="_r_9q_" role="option" data-reverse="true" aria-selected="false" data-combobox-option="true" value="00004104-aabb-4ccd-8eef-112233445566" class="m_92253aa5 mantine-Select-option m_390b5f4">…</div>[22m
[2m  - attempting click action[22m
[2m    - waiting for element to be visible, enabled and stable[22m
[2m    - element is not stable[22m
[2m  - retrying click action[22m
[2m    - waiting for element to be visible, enabled and stable[22m
[2m    - element is not visible[22m
[2m  - retrying click action[22m
[2m    - waiting 20ms[22m
[2m    2 × waiting for element to be visible, enabled and stable[22m
[2m      - element is not visible[22m
[2m    - retrying click action[22m
[2m      - waiting 100ms[22m
[2m    58 × waiting for element to be visible, enabled and stable[22m
[2m       - element is not visible[22m
[2m     - retrying click action[22m
[2m       - waiting 500ms[22m
