
Running 36 tests using 1 worker

(node:85998) Warning: The 'NO_COLOR' env is ignored due to the 'FORCE_COLOR' env being set.
(Use `node --trace-warnings ...` to show where the warning was created)
  ✓   1 tests/e2e/canvas-continuous-creation.spec.ts:3:1 › CW-09/11: one click submits fixed inputs once and the next draft survives refresh (3.5s)
  ✓   2 tests/e2e/canvas-continuous-creation.spec.ts:90:1 › CW-11: a lost execution reply is recovered by reading the original job; unknown provider submission stays guarded (2.3s)
  ✓   3 tests/e2e/continuous-workspace-finish.spec.ts:3:1 › CW-09/10: image reference → video draft → exact results, explicit placement, comparison and refreshed history (4.6s)
  ✓   4 tests/e2e/continuous-workspace-finish.spec.ts:126:1 › CW-10/11: lost assistant application reply recovers the same draft, then direct editing resumes without generation (3.9s)
  ✓   5 tests/e2e/continuous-workspace-finish.spec.ts:217:1 › CW-12: default scene canvas uses the shot list while legacy storyboard deep links remain reachable (2.7s)
(node:86835) Warning: The 'NO_COLOR' env is ignored due to the 'FORCE_COLOR' env being set.
(Use `node --trace-warnings ...` to show where the warning was created)
  ✓   6 tests/e2e/canvas-navigation.spec.ts:17:1 › CW-12: sole existing scene opens from canvas navigation, retains drafts across shared sidebar, and explicit project history returns correctly (4.2s)
  ✓   7 tests/e2e/canvas-navigation.spec.ts:105:1 › CW-12: multiple canvases ask once, a remembered archived scene cannot trap entry, and fresh index sees externally added scenes (1.8s)
  ✓   8 tests/e2e/canvas-navigation.spec.ts:204:1 › CW-12: canvas menu opens a light scene directory, details stay local, and minimal creation preserves optional advanced state (3.6s)
  ✓   9 tests/e2e/canvas-navigation.spec.ts:278:1 › CW-12: narrow canvas menu stays reachable and a zero-episode project creates structure only on explicit confirmation (2.2s)
  ✓  10 tests/e2e/docx.spec.ts:17:1 › CW-05/06: real Word upload previews before import, preserves original, updates and reads fixed history (3.3s)
  ✓  11 tests/e2e/docx.spec.ts:102:1 › CW-05: malformed file remains recoverable after failed preview and navigation (1.3s)
  ✓  12 tests/e2e/docx.spec.ts:136:1 › CW-07 fault injection: committed Word response is lost, refresh recovers through read-only receipt (2.2s)
  ✓  13 tests/e2e/docx.spec.ts:186:1 › CW-07: concurrent content change preserves Word preview and creates a new intent only after review (1.5s)
  ✓  14 tests/e2e/docx.spec.ts:230:1 › CW-07 fault injection: an old delayed receipt cannot clear a replacement Word draft after navigation (2.5s)
  ✓  15 tests/e2e/feishu.spec.ts:6:1 › Feishu synthetic provider: preview fixed content, confirm and download exact exported original (6.6s)
  ✓  16 tests/e2e/feishu.spec.ts:56:1 › Feishu synthetic provider: permissions fail closed, pending import survives refresh, lost commit resolves with one receipt (7.6s)
  ✓  17 tests/e2e/project-canvas.spec.ts:18:1 › CW-03: zero-scene project creates one canvas across tabs and retains text, assistant draft and viewport (3.9s)
  ✓  18 tests/e2e/project-canvas.spec.ts:75:1 › CW-03: archived project canvas remains readable and rejects new canvas edits (1.2s)
  ✓  19 tests/e2e/project-canvas.spec.ts:98:1 › CW-03: revoked collaborator cannot reopen cached project canvas or read its document (3.0s)
  ✓  20 tests/e2e/script-canvas.spec.ts:21:1 › CW-06: fixed script excerpt becomes a canvas source and survives a newer manuscript (3.4s)
  ✓  21 tests/e2e/script-canvas.spec.ts:99:1 › CW-06/11: lost excerpt reply recovers the original node after reload without another POST (2.4s)
  ✓  22 tests/e2e/script-canvas.spec.ts:137:1 › CW-06/11: concurrent canvas changes survive excerpt CAS conflict and explicit continuation (1.6s)
  ✓  23 tests/e2e/script-paper-selection.spec.ts:44:1 › script paper: selected Unicode and CRLF quote is confirmed and stored against the fixed manuscript (2.2s)
  ✓  24 tests/e2e/script-paper-selection.spec.ts:103:1 › script paper: repeated quote asks for canonical selection instead of guessing the occurrence (1.5s)
  ✓  25 tests/e2e/workspace.spec.ts:14:1 › CW-01: project card opens script, all primary sections and legacy scene canvas remain reachable (4.8s)
  ✘  26 tests/e2e/workspace.spec.ts:67:1 › CW-01: compact rail and narrow drawer support keyboard navigation and restore focus (16.9s)
(node:89333) Warning: The 'NO_COLOR' env is ignored due to the 'FORCE_COLOR' env being set.
(Use `node --trace-warnings ...` to show where the warning was created)
  ✓  27 tests/e2e/workspace.spec.ts:100:1 › CW-02: fixed script history is read-only and does not replace the current revision (2.4s)
  ✓  28 tests/e2e/workspace.spec.ts:118:1 › CW-02: unsaved script survives navigation and refresh, then saves exactly one new revision (4.2s)
  ✓  29 tests/e2e/workspace.spec.ts:154:1 › CW-02: concurrent server update preserves the local draft and requires explicit rebase (2.4s)
  ✓  30 tests/e2e/workspace.spec.ts:181:1 › CW-01/02: revoked project access cannot reveal cached script or project identity (3.4s)
  ✓  31 tests/e2e/workspace.spec.ts:207:1 › CW-02: archived project remains readable with no script editing controls (1.1s)
(node:89945) Warning: The 'NO_COLOR' env is ignored due to the 'FORCE_COLOR' env being set.
(Use `node --trace-warnings ...` to show where the warning was created)
  ✓  32 tests/e2e/selected-delivery.spec.ts:29:1 › CW-15: batch handoff downloads selected originals and exact ordered ranges, independently of focused preview (2.1s)
  ✓  33 tests/e2e/selected-delivery.spec.ts:87:1 › CW-15: a changed selection refuses the old confirmation, retains it and succeeds after explicit refresh (2.0s)
(node:90171) Warning: The 'NO_COLOR' env is ignored due to the 'FORCE_COLOR' env being set.
(Use `node --trace-warnings ...` to show where the warning was created)
  ✓  34 tests/e2e/shot-list.spec.ts:28:1 › CW-13/15: canvas video becomes a fixed candidate; compare, explicitly select, reorder and download the exact original (7.2s)
  ✓  35 tests/e2e/shot-list.spec.ts:173:1 › CW-13: failed reorder retains local order through close and refresh, including archived children (4.2s)
  ✓  36 tests/e2e/shot-list.spec.ts:242:1 › CW-13: concurrent selection retains reason for explicit recheck; revoked collaborator cannot display cached list (2.3s)


  1) tests/e2e/workspace.spec.ts:67:1 › CW-01: compact rail and narrow drawer support keyboard navigation and restore focus

    Error: expect(locator).toBeVisible() failed

    Locator: getByRole('dialog', { name: '项目导航', exact: true })
    Expected: visible
    Timeout: 15000ms
    Error: element(s) not found

    Call log:
      - Expect "toBeVisible" getByRole('dialog', { name: '项目导航', exact: true }) with timeout 15000ms
      - waiting for getByRole('dialog', { name: '项目导航', exact: true })


      79 |     await trigger.press("Enter");
      80 |     const drawer = page.getByRole("dialog", { name: "项目导航", exact: true });
    > 81 |     await expect(drawer).toBeVisible();
         |                          ^
      82 |     await expect(drawer.getByRole("button", { name: "关闭项目导航", exact: true })).toBeFocused();
      83 |     await page.keyboard.press("Shift+Tab");
      84 |     // The focused control remains inside the modal, including at the focus boundary.
        at /Users/gandy/beyondgravity/scenedesk-navigation-directory/tests/e2e/workspace.spec.ts:81:26

    attachment #1: screenshot (image/png) ──────────────────────────────────────────────────────────
    output/playwright/2026-09-16-canvas-navigation-85914/results/workspace-CW-01-compact-ra-2dad0-avigation-and-restore-focus/test-failed-1.png
    ────────────────────────────────────────────────────────────────────────────────────────────────

    Error Context: output/playwright/2026-09-16-canvas-navigation-85914/results/workspace-CW-01-compact-ra-2dad0-avigation-and-restore-focus/error-context.md

  1 failed
    tests/e2e/workspace.spec.ts:67:1 › CW-01: compact rail and narrow drawer support keyboard navigation and restore focus
  35 passed (2.4m)
{"run":"2026-09-16-canvas-navigation-85914","exitCode":1,"paidProviderCalls":0}
