
Running 37 tests using 1 worker

(node:20056) Warning: The 'NO_COLOR' env is ignored due to the 'FORCE_COLOR' env being set.
(Use `node --trace-warnings ...` to show where the warning was created)
  ✓   1 tests/e2e/canvas-continuous-creation.spec.ts:3:1 › CW-09/11: one click submits fixed inputs once and the next draft survives refresh (4.6s)
  ✓   2 tests/e2e/canvas-continuous-creation.spec.ts:90:1 › CW-11: a lost execution reply is recovered by reading the original job; unknown provider submission stays guarded (2.6s)
  ✓   3 tests/e2e/continuous-workspace-finish.spec.ts:3:1 › CW-09/10: image reference → video draft → exact results, explicit placement, comparison and refreshed history (5.8s)
  ✓   4 tests/e2e/continuous-workspace-finish.spec.ts:126:1 › CW-10/11: lost assistant application reply recovers the same draft, then direct editing resumes without generation (5.2s)
  ✓   5 tests/e2e/continuous-workspace-finish.spec.ts:217:1 › CW-12: default scene canvas uses the shot list while legacy storyboard deep links remain reachable (4.2s)
(node:21093) Warning: The 'NO_COLOR' env is ignored due to the 'FORCE_COLOR' env being set.
(Use `node --trace-warnings ...` to show where the warning was created)
  ✓   6 tests/e2e/canvas-navigation.spec.ts:17:1 › CW-12: sole existing scene opens from canvas navigation, retains drafts across shared sidebar, and explicit project history returns correctly (4.7s)
  ✓   7 tests/e2e/canvas-navigation.spec.ts:105:1 › CW-12: multiple canvases ask once, a remembered archived scene cannot trap entry, and fresh index sees externally added scenes (2.4s)
  ✓   8 tests/e2e/canvas-navigation.spec.ts:204:1 › CW-12: canvas menu opens a light scene directory, details stay local, and minimal creation keeps advanced fields optional (4.2s)
  ✓   9 tests/e2e/canvas-navigation.spec.ts:278:1 › CW-12: narrow canvas menu stays reachable and a zero-episode project creates structure only on explicit confirmation (3.1s)
  ✓  10 tests/e2e/docx.spec.ts:17:1 › CW-05/06: real Word upload previews before import, preserves original, updates and reads fixed history (4.2s)
  ✓  11 tests/e2e/docx.spec.ts:102:1 › CW-05: malformed file remains recoverable after failed preview and navigation (1.5s)
  ✓  12 tests/e2e/docx.spec.ts:136:1 › CW-07 fault injection: committed Word response is lost, refresh recovers through read-only receipt (2.6s)
  ✓  13 tests/e2e/docx.spec.ts:186:1 › CW-07: concurrent content change preserves Word preview and creates a new intent only after review (1.9s)
  ✓  14 tests/e2e/docx.spec.ts:230:1 › CW-07 fault injection: an old delayed receipt cannot clear a replacement Word draft after navigation (2.8s)
  ✓  15 tests/e2e/feishu.spec.ts:6:1 › Feishu synthetic provider: preview fixed content, confirm and download exact exported original (6.8s)
  ✓  16 tests/e2e/feishu.spec.ts:56:1 › Feishu synthetic provider: permissions fail closed, pending import survives refresh, lost commit resolves with one receipt (7.7s)
  ✓  17 tests/e2e/project-canvas.spec.ts:18:1 › CW-03: zero-scene project creates one canvas across tabs and retains text, assistant draft and viewport (4.6s)
  ✓  18 tests/e2e/project-canvas.spec.ts:75:1 › CW-03: archived project canvas remains readable and rejects new canvas edits (1.4s)
  ✓  19 tests/e2e/project-canvas.spec.ts:98:1 › CW-03: revoked collaborator cannot reopen cached project canvas or read its document (3.4s)
  ✓  20 tests/e2e/script-canvas.spec.ts:21:1 › CW-06: fixed script excerpt becomes a canvas source and survives a newer manuscript (5.2s)
  ✓  21 tests/e2e/script-canvas.spec.ts:99:1 › CW-06/11: lost excerpt reply recovers the original node after reload without another POST (3.4s)
  ✓  22 tests/e2e/script-canvas.spec.ts:137:1 › CW-06/11: concurrent canvas changes survive excerpt CAS conflict and explicit continuation (2.6s)
  ✓  23 tests/e2e/script-paper-selection.spec.ts:44:1 › script paper: selected Unicode and CRLF quote is confirmed and stored against the fixed manuscript (2.2s)
  ✓  24 tests/e2e/script-paper-selection.spec.ts:103:1 › script paper: repeated quote asks for canonical selection instead of guessing the occurrence (1.6s)
  ✓  25 tests/e2e/workspace.spec.ts:14:1 › CW-01: project card opens script, all primary sections and legacy scene canvas remain reachable (4.9s)
  ✓  26 tests/e2e/workspace.spec.ts:80:1 › CW-01: compact rail and narrow drawer support keyboard navigation and restore focus (3.4s)
  ✓  27 tests/e2e/workspace.spec.ts:142:1 › CW-02: fixed script history is read-only and does not replace the current revision (2.1s)
  ✓  28 tests/e2e/workspace.spec.ts:160:1 › CW-02: unsaved script survives navigation and refresh, then saves exactly one new revision (3.5s)
  ✓  29 tests/e2e/workspace.spec.ts:196:1 › CW-02: concurrent server update preserves the local draft and requires explicit rebase (2.4s)
  ✓  30 tests/e2e/workspace.spec.ts:223:1 › CW-01/02: revoked project access cannot reveal cached script or project identity (2.8s)
  ✓  31 tests/e2e/workspace.spec.ts:249:1 › CW-02: archived project remains readable with no script editing controls (1.3s)
(node:23915) Warning: The 'NO_COLOR' env is ignored due to the 'FORCE_COLOR' env being set.
(Use `node --trace-warnings ...` to show where the warning was created)
  ✓  32 tests/e2e/selected-delivery.spec.ts:29:1 › CW-15: batch handoff downloads selected originals and exact ordered ranges, independently of focused preview (3.0s)
  ✓  33 tests/e2e/selected-delivery.spec.ts:87:1 › CW-15: a changed selection refuses the old confirmation, retains it and succeeds after explicit refresh (2.0s)
(node:24126) Warning: The 'NO_COLOR' env is ignored due to the 'FORCE_COLOR' env being set.
(Use `node --trace-warnings ...` to show where the warning was created)
  ✓  34 tests/e2e/shot-list.spec.ts:28:1 › CW-13: switching shots keeps the viewer still through loading and confines scrolling to its panels (3.9s)
  ✓  35 tests/e2e/shot-list.spec.ts:184:1 › CW-13/15: canvas video becomes a fixed candidate; compare, explicitly select, reorder and download the exact original (6.9s)
  ✓  36 tests/e2e/shot-list.spec.ts:329:1 › CW-13: failed reorder retains local order through close and refresh, including archived children (4.4s)
  ✓  37 tests/e2e/shot-list.spec.ts:398:1 › CW-13: concurrent selection retains reason for explicit recheck; revoked collaborator cannot display cached list (2.9s)

  37 passed (2.7m)
