TAP version 13
# Subtest: complete canvas overviews persist through current authority and independent preference CAS
not ok 1 - complete canvas overviews persist through current authority and independent preference CAS
  ---
  duration_ms: 5339.943
  type: 'test'
  location: '/Users/gandy/beyondgravity/scenedesk/.runtime/agent-worktrees/ai-frontend/tests/integration/canvas-viewport.test.ts:1:180'
  failureType: 'testCodeFailure'
  error: |-
    Expected values to be strictly equal:
    
    404 !== 403
    
  code: 'ERR_ASSERTION'
  name: 'AssertionError'
  expected: 403
  actual: 404
  operator: 'strictEqual'
  stack: |-
    TestContext.<anonymous> (/Users/gandy/beyondgravity/scenedesk/.runtime/agent-worktrees/ai-frontend/tests/integration/canvas-viewport.test.ts:97:10)
    process.processTicksAndRejections (node:internal/process/task_queues:103:5)
    async Test.run (node:internal/test_runner/test:1054:7)
    async startSubtestAfterBootstrap (node:internal/test_runner/harness:296:3)
  ...
1..1
# tests 1
# suites 0
# pass 0
# fail 1
# cancelled 0
# skipped 0
# todo 0
# duration_ms 6426.091417
