### Result
{"results":[{"canvasRevision":3,"canvasFlow":{"x":76,"y":174,"width":1436,"height":519.9140625},"expandedFlow":{"x":76,"y":174,"width":1436,"height":466},"modeAndRefreshRecovery":true},{"noCanvas":{"main":948,"strip":982,"video":394.8125}}],"errors":[],"actualRestrictedApiAndPostgres":true,"localStaticMediaAdapter":true,"noProviderOrMediaArchiveAcceptance":true}
### Ran Playwright code
```js
await (async (page) => {
 const fixture={"schema": "identity_c277a3ab9f1c", "tenantId": "1bd61561-fc1d-4ce0-89c4-09c87fe7d383", "projectId": "7fe4a3a4-9399-4b20-a0a1-cc8aef3a0cb5", "path": "/v1/tenants/1bd61561-fc1d-4ce0-89c4-09c87fe7d383/projects/7fe4a3a4-9399-4b20-a0a1-cc8aef3a0cb5", "cases": [{"sceneId": "f3ac32b0-83ab-4edc-9921-ec601e7427bb", "canvasId": "55a2f9b6-61c9-4fc4-ad57-636ea1824521", "draftId": "45d1c973-6166-40cb-a67d-b060d8479f37", "shots": [{"id": "76776c8a-d985-4c9d-ae52-491facc2f67d", "label": "SH-01"}, {"id": "81a8cf7a-e5d8-486a-8101-527632e3b9a3", "label": "SH-02"}, {"id": "d0799914-121e-4274-ad5c-554634dea29a", "label": "SH-03"}, {"id": "98c02da4-ebe5-4b45-97ad-18c28d46f2a6", "label": "SH-04"}, {"id": "1d9efd73-fddf-446b-9627-f62ae1569d30", "label": "SH-05"}, {"id": "1db2f2e5-4cfd-441d-9446-ad17e14a4cf3", "label": "SH-06"}], "url": "http://127.0.0.1:4316/#/app/t/1bd61561-fc1d-4ce0-89c4-09c87fe7d383/p/7fe4a3a4-9399-4b20-a0a1-cc8aef3a0cb5/production?scene=f3ac32b0-83ab-4edc-9921-ec601e7427bb&shot=98c02da4-ebe5-4b45-97ad-18c28d46f2a6&mode=storyboard"}, {"sceneId": "8e9128d2-d644-47a5-a4de-82d79e12b9a3", "shots": [{"id": "5c01bbec-5ea6-443e-8683-8f05ecd6c843", "label": "SH-01"}, {"id": "0eb35101-84a6-448a-a296-1c080f15d714", "label": "SH-02"}, {"id": "74edbc17-9bf4-460d-a6a8-b74b795a4c06", "label": "SH-03"}, {"id": "f502dade-e1f8-47ed-b288-2f554ed65cda", "label": "SH-04"}, {"id": "2d247b9e-d3b3-45a0-9ff7-9d39172c480e", "label": "SH-05"}, {"id": "6ce47737-3834-4ce1-9b15-0f94afa052f5", "label": "SH-06"}], "url": "http://127.0.0.1:4316/#/app/t/1bd61561-fc1d-4ce0-89c4-09c87fe7d383/p/7fe4a3a4-9399-4b20-a0a1-cc8aef3a0cb5/production?scene=8e9128d2-d644-47a5-a4de-82d79e12b9a3&shot=f502dade-e1f8-47ed-b288-2f554ed65cda&mode=storyboard"}]},out='output/playwright/2026-09-12-approved-scene-layout',results=[],errors=[];page.on('pageerror',e=>errors.push(e.message));const ensure=(v,m)=>{if(!v)throw Error(m)};
 const read=async url=>page.evaluate(async url=>{const r=await fetch(url,{cache:'no-store'});if(!r.ok)throw Error('Read failed '+r.status);return r.json()},url);
 const first=fixture.cases[0],second=fixture.cases[1];
 await page.goto(first.url);await page.getByRole('textbox',{name:'本次提示',exact:true}).waitFor();ensure((await page.getByRole('textbox',{name:'本次提示',exact:true}).inputValue()).includes('保留这段手工输入'),'reload lost shot draft');
 await page.getByRole('button',{name:'自由画布',exact:true}).click();await page.getByRole('article',{name:'动作优化 · 创作草稿 · video'}).waitFor();await page.getByRole('article',{name:'动作优化 · 创作草稿 · video'}).click();
 const area=page.getByRole('textbox',{name:'本次提示词',exact:true});await area.fill('画布保留原输入：接触匙环后自然收拢。');
 const expected='画布保留原输入：接触匙环后自然收拢。';const end=Date.now()+20000;let saved;while(Date.now()<end){saved=await read(`${fixture.path}/canvases/${first.canvasId}`);if(saved.document.nodes.find(n=>n.id===first.draftId)?.content.prompt===expected)break;await page.waitForTimeout(150)}ensure(saved.document.nodes.find(n=>n.id===first.draftId)?.content.prompt===expected,'canvas did not persist');
 await page.getByRole('button',{name:'适应内容',exact:true}).click();await page.waitForTimeout(350);
 const flow=await page.locator('.react-flow').boundingBox();ensure(flow.height>400,'canvas squeezed by local composer');
 await page.screenshot({path:out+'/canvas-light-selected-1512.png',animations:'disabled'});
 await page.getByRole('button',{name:'画布生成与结果',exact:true}).click();await page.getByText('视频生成暂不可用',{exact:true}).waitFor();const expandedFlow=await page.locator('.react-flow').boundingBox();ensure(expandedFlow.height>400,'canvas expanded generation squeezed space');await page.screenshot({path:out+'/canvas-light-generation-1512.png',animations:'disabled'});await page.getByRole('button',{name:'画布生成与结果',exact:true}).click();
 await page.getByRole('button',{name:'AI 助手',exact:true}).click();await page.getByRole('complementary',{name:'AI 创作助手'}).waitFor();await page.getByRole('button',{name:'切换深色',exact:true}).click();await page.setViewportSize({width:1366,height:768});await page.screenshot({path:out+'/canvas-dark-assistant-1366.png',animations:'disabled'});
 await page.getByRole('button',{name:'AI 助手',exact:true}).click();await page.getByRole('button',{name:'分镜',exact:true}).click();ensure((await page.getByRole('textbox',{name:'本次提示',exact:true}).inputValue()).includes('保留这段手工输入'),'canvas switch lost shot input');
 await page.getByRole('button',{name:'自由画布',exact:true}).click();await page.reload();await page.getByRole('textbox',{name:'本次提示词',exact:true}).waitFor();ensure(await page.getByRole('textbox',{name:'本次提示词',exact:true}).inputValue()===expected,'refresh lost canvas input');results.push({canvasRevision:saved.revision,canvasFlow:flow,expandedFlow,modeAndRefreshRecovery:true});
 await page.getByRole('button',{name:'切换浅色',exact:true}).click();await page.setViewportSize({width:1512,height:982});await page.goto(second.url);await page.getByRole('heading',{name:'SH-04 · 手指接触旧铜钥匙'}).waitFor();await page.waitForFunction(()=>{const imgs=[...document.querySelectorAll('[aria-label="本场分镜顺序"] img')];return imgs.length===5&&imgs.every(i=>i.complete&&i.naturalWidth>0)&&document.querySelector('video')?.readyState>=2});
 const noCanvas=await page.evaluate(()=>({main:document.querySelector('main').getBoundingClientRect().height,strip:document.querySelector('[aria-label="本场分镜顺序"]').getBoundingClientRect().bottom,video:document.querySelector('video').getBoundingClientRect().height}));ensure(noCanvas.main===948&&noCanvas.strip<=982&&noCanvas.video>350,'no-canvas layout regressed');await page.screenshot({path:out+'/storyboard-no-canvas-light-1512.png',animations:'disabled'});results.push({noCanvas});
 await page.getByRole('link',{name:'SH-06 未建立候选的镜头 尚未采用'}).click();await page.getByRole('button',{name:'浏览可用视频',exact:true}).waitFor();await page.screenshot({path:out+'/storyboard-empty-light-1512.png',animations:'disabled'});
 await page.setViewportSize({width:390,height:844});await page.screenshot({path:out+'/storyboard-empty-light-390.png',animations:'disabled'});ensure(await page.evaluate(()=>document.documentElement.scrollWidth<=innerWidth),'narrow horizontal overflow');ensure(errors.length===0,'page errors');return {results,errors,actualRestrictedApiAndPostgres:true,localStaticMediaAdapter:true,noProviderOrMediaArchiveAcceptance:true};
})(page);
```
### Page
- Page URL: http://127.0.0.1:4316/#/app/t/1bd61561-fc1d-4ce0-89c4-09c87fe7d383/p/7fe4a3a4-9399-4b20-a0a1-cc8aef3a0cb5/production?scene=8e9128d2-d644-47a5-a4de-82d79e12b9a3&shot=6ce47737-3834-4ce1-9b15-0f94afa052f5
- Page Title: 未创建画布的场次 · 镜头制作 · 幕序
- Console: 1 errors, 0 warnings
### Events
- New console entries: .playwright-cli/console-2026-09-12T00-27-24-222Z.log#L1
